ets Jul 29 2019 12:21:46

rst:0x1 (POWERON_RESET),boot:0x13 (SPI_FAST_FLASH_BOOT)
configsip: 0, SPIWP:0xee
clk_drv:0x00,q_drv:0x00,d_drv:0x00,cs0_drv:0x00,hd_drv:0x00,wp_drv:0x00
mode:DIO, clock div:2
load:0x3fff0030,len:6952
load:0x40078000,len:14292
load:0x40080400,len:3688
entry 0x40080678
[0;32mI (27) boot: ESP-IDF v4.3 2nd stage bootloader[0m
[0;32mI (27) boot: compile time 09:25:41[0m
[0;32mI (27) boot: chip revision: 3[0m
[0;32mI (30) boot_comm: chip revision: 3, min. bootloader chip revision: 0[0m
[0;32mI (37) boot.esp32: SPI Speed      : 40MHz[0m
[0;32mI (42) boot.esp32: SPI Mode       : DIO[0m
[0;32mI (46) boot.esp32: SPI Flash Size : 2MB[0m
[0;32mI (51) boot: Enabling RNG early entropy source...[0m
[0;32mI (56) boot: Partition Table:[0m
[0;32mI (60) boot: ## Label            Usage          Type ST Offset   Length[0m
[0;32mI (67) boot:  0 nvs              WiFi data        01 02 00009000 00006000[0m
[0;32mI (74) boot:  1 phy_init         RF data          01 01 0000f000 00001000[0m
[0;32mI (82) boot:  2 factory          factory app      00 00 00010000 00100000[0m
[0;32mI (89) boot: End of partition table[0m
[0;32mI (94) boot_comm: chip revision: 3, min. application chip revision: 0[0m
[0;32mI (101) esp_image: segment 0: paddr=00010020 vaddr=3f400020 size=280bch (164028) map[0m
[0;32mI (171) esp_image: segment 1: paddr=000380e4 vaddr=3ffb0000 size=043f4h ( 17396) load[0m
[0;32mI (178) esp_image: segment 2: paddr=0003c4e0 vaddr=40080000 size=03b38h ( 15160) load[0m
[0;32mI (185) esp_image: segment 3: paddr=00040020 vaddr=400d0020 size=9cb54h (641876) map[0m
[0;32mI (428) esp_image: segment 4: paddr=000dcb7c vaddr=40083b38 size=11b80h ( 72576) load[0m
[0;32mI (459) esp_image: segment 5: paddr=000ee704 vaddr=50000000 size=00010h (    16) load[0m
[0;32mI (471) boot: Loaded app from partition at offset 0x10000[0m
[0;32mI (471) boot: Disabling RNG early entropy source...[0m
[0;32mI (482) cpu_start: Pro cpu up.[0m
[0;32mI (482) cpu_start: Starting app cpu, entry point is 0x40081304[0m
[0;32mI (0) cpu_start: App cpu up.[0m
[0;32mI (497) cpu_start: Pro cpu start user code[0m
[0;32mI (497) cpu_start: cpu freq: 160000000[0m
[0;32mI (497) cpu_start: Application information:[0m
[0;32mI (501) cpu_start: Project name:     active-ap[0m
[0;32mI (506) cpu_start: App version:      68e3b54-dirty[0m
[0;32mI (512) cpu_start: Compile time:     Apr 22 2025 09:25:39[0m
[0;32mI (518) cpu_start: ELF file SHA256:  a71cb9f9d3f0193d...[0m
[0;32mI (524) cpu_start: ESP-IDF:          v4.3[0m
[0;32mI (529) heap_init: Initializing. RAM available for dynamic allocation:[0m
[0;32mI (536) heap_init: At 3FFAE6E0 len 00001920 (6 KiB): DRAM[0m
[0;32mI (542) heap_init: At 3FFB96C0 len 00026940 (154 KiB): DRAM[0m
[0;32mI (548) heap_init: At 3FFE0440 len 00003AE0 (14 KiB): D/IRAM[0m
[0;32mI (554) heap_init: At 3FFE4350 len 0001BCB0 (111 KiB): D/IRAM[0m
[0;32mI (561) heap_init: At 400956B8 len 0000A948 (42 KiB): IRAM[0m
[0;32mI (568) spi_flash: detected chip: generic[0m
[0;32mI (572) spi_flash: flash io: dio[0m
[0;33mW (576) spi_flash: Detected size(4096k) larger than the size in the binary image header(2048k). Using the size in the binary image header.[0m
[0;32mI (593) cpu_start: Starting scheduler on PRO CPU.[0m
[0;32mI (0) cpu_start: Starting scheduler on APP CPU.[0m








-----------------------
ESP32 CSI Tool Settings
-----------------------
PROJECT_NAME: ACTIVE_AP
CONFIG_ESPTOOLPY_MONITOR_BAUD: 115200
CONFIG_ESP_CONSOLE_UART_BAUDRATE: 115200
IDF_VER: v4.3
-----------------------
WIFI_CHANNEL: 6
ESP_WIFI_SSID: myssid
ESP_WIFI_PASSWORD: mypassword
SHOULD_COLLECT_CSI: 1
SHOULD_COLLECT_ONLY_LLTF: 1
SEND_CSI_TO_SERIAL: 1
SEND_CSI_TO_SD: 0
-----------------------








I (763) wifi:wifi driver task: 3ffc32ac, prio:23, stack:6656, core=0
[0;32mI (763) system_api: Base MAC address is not set[0m
[0;32mI (763) system_api: read default base MAC address from EFUSE[0m
I (783) wifi:wifi firmware version: c7d0450
I (783) wifi:wifi certification version: v7.0
I (783) wifi:config NVS flash: enabled
I (783) wifi:config nano formating: disabled
I (783) wifi:Init data frame dynamic rx buffer num: 32
I (793) wifi:Init management frame dynamic rx buffer num: 32
I (793) wifi:Init management short buffer num: 32
I (803) wifi:Init dynamic tx buffer num: 32
I (803) wifi:Init static rx buffer size: 1600
I (813) wifi:Init static rx buffer num: 10
I (813) wifi:Init dynamic rx buffer num: 32
[0;32mI (813) wifi_init: rx ba win: 6[0m
[0;32mI (823) wifi_init: tcpip mbox: 32[0m
[0;32mI (823) wifi_init: udp mbox: 6[0m
[0;32mI (833) wifi_init: tcp mbox: 6[0m
[0;32mI (833) wifi_init: tcp tx win: 5744[0m
[0;32mI (833) wifi_init: tcp rx win: 5744[0m
[0;32mI (843) wifi_init: tcp mss: 1440[0m
[0;32mI (843) wifi_init: WiFi IRAM OP enabled[0m
[0;32mI (853) wifi_init: WiFi RX IRAM OP enabled[0m
[0;32mI (863) phy_init: phy_version 4670,719f9f6,Feb 18 2021,17:07:07[0m
I (963) wifi:mode : softAP (a0:a3:b3:aa:56:31)
I (973) wifi:Total power save buffer number: 16
I (973) wifi:Init max length of beacon: 752/752
I (973) wifi:Init max length of beacon: 752/752
I (973) wifi:Set ps type: 0

[0;32mI (973) Active CSI collection (AP): softap_init finished. SSID:myssid password:mypassword[0m
ESP_ERROR_CHECK failed: esp_err_t 0xffffffff (ESP_FAIL) at 0x40087078
file: "/home/lab7/Desktop/Thoth/firmware/active_ap/main/../../_components/csi_component.h" line 96
func: void csi_init(char*)
expression: esp_wifi_set_csi(1)

abort() was called at PC 0x4008707b on core 0

Backtrace:0x40087fcf:0x3ffbc280 0x400887a1:0x3ffbc2a0 0x4008f596:0x3ffbc2c0 0x4008707b:0x3ffbc330 0x400d7658:0x3ffbc350 0x400d792f:0x3ffbc380 0x4016c871:0x3ffbc3a0 0x4008bc59:0x3ffbc3c0


ELF file SHA256: a71cb9f9d3f0193d

Rebooting...
ets Jul 29 2019 12:21:46

rst:0xc (SW_CPU_RESET),boot:0x13 (SPI_FAST_FLASH_BOOT)
configsip: 0, SPIWP:0xee
clk_drv:0x00,q_drv:0x00,d_drv:0x00,cs0_drv:0x00,hd_drv:0x00,wp_drv:0x00
mode:DIO, clock div:2
load:0x3fff0030,len:6952
load:0x40078000,len:14292
load:0x40080400,len:3688
entry 0x40080678
[0;32mI (27) boot: ESP-IDF v4.3 2nd stage bootloader[0m
[0;32mI (27) boot: compile time 09:25:41[0m
[0;32mI (27) boot: chip revision: 3[0m
[0;32mI (30) boot_comm: chip revision: 3, min. bootloader chip revision: 0[0m
[0;32mI (37) boot.esp32: SPI Speed      : 40MHz[0m
[0;32mI (42) boot.esp32: SPI Mode       : DIO[0m
[0;32mI (46) boot.esp32: SPI Flash Size : 2MB[0m
[0;32mI (51) boot: Enabling RNG early entropy source...[0m
[0;32mI (56) boot: Partition Table:[0m
[0;32mI (60) boot: ## Label            Usage          Type ST Offset   Length[0m
[0;32mI (67) boot:  0 nvs              WiFi data        01 02 00009000 00006000[0m
[0;32mI (74) boot:  1 phy_init         RF data          01 01 0000f000 00001000[0m
[0;32mI (82) boot:  2 factory          factory app      00 00 00010000 00100000[0m
[0;32mI (89) boot: End of partition table[0m
[0;32mI (93) boot_comm: chip revision: 3, min. application chip revision: 0[0m
[0;32mI (101) esp_image: segment 0: paddr=00010020 vaddr=3f400020 size=280bch (164028) map[0m
[0;32mI (171) esp_image: segment 1: paddr=000380e4 vaddr=3ffb0000 size=043f4h ( 17396) load[0m
[0;32mI (178) esp_image: segment 2: paddr=0003c4e0 vaddr=40080000 size=03b38h ( 15160) load[0m
[0;32mI (185) esp_image: segment 3: paddr=00040020 vaddr=400d0020 size=9cb54h (641876) map[0m
[0;32mI (427) esp_image: segment 4: paddr=000dcb7c vaddr=40083b38 size=11b80h ( 72576) load[0m
[0;32mI (459) esp_image: segment 5: paddr=000ee704 vaddr=50000000 size=00010h (    16) load[0m
[0;32mI (471) boot: Loaded app from partition at offset 0x10000[0m
[0;32mI (471) boot: Disabling RNG early entropy source...[0m
[0;32mI (482) cpu_start: Pro cpu up.[0m
[0;32mI (482) cpu_start: Starting app cpu, entry point is 0x40081304[0m
[0;32mI (469) cpu_start: App cpu up.[0m
[0;32mI (497) cpu_start: Pro cpu start user code[0m
[0;32mI (497) cpu_start: cpu freq: 160000000[0m
[0;32mI (497) cpu_start: Application information:[0m
[0;32mI (501) cpu_start: Project name:     active-ap[0m
[0;32mI (506) cpu_start: App version:      68e3b54-dirty[0m
[0;32mI (512) cpu_start: Compile time:     Apr 22 2025 09:25:39[0m
[0;32mI (518) cpu_start: ELF file SHA256:  a71cb9f9d3f0193d...[0m
[0;32mI (524) cpu_start: ESP-IDF:          v4.3[0m
[0;32mI (529) heap_init: Initializing. RAM available for dynamic allocation:[0m
[0;32mI (536) heap_init: At 3FFAE6E0 len 00001920 (6 KiB): DRAM[0m
[0;32mI (542) heap_init: At 3FFB96C0 len 00026940 (154 KiB): DRAM[0m
[0;32mI (548) heap_init: At 3FFE0440 len 00003AE0 (14 KiB): D/IRAM[0m
[0;32mI (554) heap_init: At 3FFE4350 len 0001BCB0 (111 KiB): D/IRAM[0m
[0;32mI (561) heap_init: At 400956B8 len 0000A948 (42 KiB): IRAM[0m
[0;32mI (568) spi_flash: detected chip: generic[0m
[0;32mI (572) spi_flash: flash io: dio[0m
[0;33mW (576) spi_flash: Detected size(4096k) larger than the size in the binary image header(2048k). Using the size in the binary image header.[0m
[0;32mI (593) cpu_start: Starting scheduler on PRO CPU.[0m
[0;32mI (0) cpu_start: Starting scheduler on APP CPU.[0m








-----------------------
ESP32 CSI Tool Settings
-----------------------
PROJECT_NAME: ACTIVE_AP
CONFIG_ESPTOOLPY_MONITOR_BAUD: 115200
CONFIG_ESP_CONSOLE_UART_BAUDRATE: 115200
IDF_VER: v4.3
-----------------------
WIFI_CHANNEL: 6
ESP_WIFI_SSID: myssid
ESP_WIFI_PASSWORD: mypassword
SHOULD_COLLECT_CSI: 1
SHOULD_COLLECT_ONLY_LLTF: 1
SEND_CSI_TO_SERIAL: 1
SEND_CSI_TO_SD: 0
-----------------------








I (763) wifi:wifi driver task: 3ffc32ac, prio:23, stack:6656, core=0
[0;32mI (763) system_api: Base MAC address is not set[0m
[0;32mI (763) system_api: read default base MAC address from EFUSE[0m
I (783) wifi:wifi firmware version: c7d0450
I (783) wifi:wifi certification version: v7.0
I (783) wifi:config NVS flash: enabled
I (783) wifi:config nano formating: disabled
I (783) wifi:Init data frame dynamic rx buffer num: 32
I (793) wifi:Init management frame dynamic rx buffer num: 32
I (793) wifi:Init management short buffer num: 32
I (803) wifi:Init dynamic tx buffer num: 32
I (803) wifi:Init static rx buffer size: 1600
I (813) wifi:Init static rx buffer num: 10
I (813) wifi:Init dynamic rx buffer num: 32
[0;32mI (813) wifi_init: rx ba win: 6[0m
[0;32mI (823) wifi_init: tcpip mbox: 32[0m
[0;32mI (823) wifi_init: udp mbox: 6[0m
[0;32mI (833) wifi_init: tcp mbox: 6[0m
[0;32mI (833) wifi_init: tcp tx win: 5744[0m
[0;32mI (833) wifi_init: tcp rx win: 5744[0m
[0;32mI (843) wifi_init: tcp mss: 1440[0m
[0;32mI (843) wifi_init: WiFi IRAM OP enabled[0m
[0;32mI (853) wifi_init: WiFi RX IRAM OP enabled[0m
[0;32mI (863) phy_init: phy_version 4670,719f9f6,Feb 18 2021,17:07:07[0m
I (963) wifi:mode : softAP (a0:a3:b3:aa:56:31)
I (973) wifi:Total power save buffer number: 16
I (973) wifi:Init max length of beacon: 752/752
I (973) wifi:Init max length of beacon: 752/752
I (973) wifi:Set ps type: 0

[0;32mI (973) Active CSI collection (AP): softap_init finished. SSID:myssid password:mypassword[0m
ESP_ERROR_CHECK failed: esp_err_t 0xffffffff (ESP_FAIL) at 0x40087078
file: "/home/lab7/Desktop/Thoth/firmware/active_ap/main/../../_components/csi_component.h" line 96
func: void csi_init(char*)
expression: esp_wifi_set_csi(1)

abort() was called at PC 0x4008707b on core 0

Backtrace:0x40087fcf:0x3ffbc280 0x400887a1:0x3ffbc2a0 0x4008f596:0x3ffbc2c0 0x4008707b:0x3ffbc330 0x400d7658:0x3ffbc350 0x400d792f:0x3ffbc380 0x4016c871:0x3ffbc3a0 0x4008bc59:0x3ffbc3c0


ELF file SHA256: a71cb9f9d3f0193d

Rebooting...
ets Jul 29 2019 12:21:46

rst:0xc (SW_CPU_RESET),boot:0x13 (SPI_FAST_FLASH_BOOT)
configsip: 0, SPIWP:0xee
clk_drv:0x00,q_drv:0x00,d_drv:0x00,cs0_drv:0x00,hd_drv:0x00,wp_drv:0x00
mode:DIO, clock div:2
load:0x3fff0030,len:6952
load:0x40078000,len:14292
load:0x40080400,len:3688
entry 0x40080678
[0;32mI (27) boot: ESP-IDF v4.3 2nd stage bootloader[0m
[0;32mI (27) boot: compile time 09:25:41[0m
[0;32mI (27) boot: chip revision: 3[0m
[0;32mI (30) boot_comm: chip revision: 3, min. bootloader chip revision: 0[0m
[0;32mI (37) boot.esp32: SPI Speed      : 40MHz[0m
[0;32mI (42) boot.esp32: SPI Mode       : DIO[0m
[0;32mI (46) boot.esp32: SPI Flash Size : 2MB[0m
[0;32mI (51) boot: Enabling RNG early entropy source...[0m
[0;32mI (56) boot: Partition Table:[0m
[0;32mI (60) boot: ## Label            Usage          Type ST Offset   Length[0m
[0;32mI (67) boot:  0 nvs              WiFi data        01 02 00009000 00006000[0m
[0;32mI (74) boot:  1 phy_init         RF data          01 01 0000f000 00001000[0m
[0;32mI (82) boot:  2 factory          factory app      00 00 00010000 00100000[0m
[0;32mI (89) boot: End of partition table[0m
[0;32mI (93) boot_comm: chip revision: 3, min. application chip revision: 0[0m
[0;32mI (101) esp_image: segment 0: paddr=00010020 vaddr=3f400020 size=280bch (164028) map[0m
[0;32mI (171) esp_image: segment 1: paddr=000380e4 vaddr=3ffb0000 size=043f4h ( 17396) load[0m
[0;32mI (178) esp_image: segment 2: paddr=0003c4e0 vaddr=40080000 size=03b38h ( 15160) load[0m
[0;32mI (185) esp_image: segment 3: paddr=00040020 vaddr=400d0020 size=9cb54h (641876) map[0m
[0;32mI (427) esp_image: segment 4: paddr=000dcb7c vaddr=40083b38 size=11b80h ( 72576) load[0m
[0;32mI (459) esp_image: segment 5: paddr=000ee704 vaddr=50000000 size=00010h (    16) load[0m
[0;32mI (471) boot: Loaded app from partition at offset 0x10000[0m
[0;32mI (471) boot: Disabling RNG early entropy source...[0m
[0;32mI (482) cpu_start: Pro cpu up.[0m
[0;32mI (482) cpu_start: Starting app cpu, entry point is 0x40081304[0m
[0;32mI (469) cpu_start: App cpu up.[0m
[0;32mI (497) cpu_start: Pro cpu start user code[0m
[0;32mI (497) cpu_start: cpu freq: 160000000[0m
[0;32mI (497) cpu_start: Application information:[0m
[0;32mI (501) cpu_start: Project name:     active-ap[0m
[0;32mI (506) cpu_start: App version:      68e3b54-dirty[0m
[0;32mI (512) cpu_start: Compile time:     Apr 22 2025 09:25:39[0m
[0;32mI (518) cpu_start: ELF file SHA256:  a71cb9f9d3f0193d...[0m
[0;32mI (524) cpu_start: ESP-IDF:          v4.3[0m
[0;32mI (529) heap_init: Initializing. RAM available for dynamic allocation:[0m
[0;32mI (536) heap_init: At 3FFAE6E0 len 00001920 (6 KiB): DRAM[0m
[0;32mI (542) heap_init: At 3FFB96C0 len 00026940 (154 KiB): DRAM[0m
[0;32mI (548) heap_init: At 3FFE0440 len 00003AE0 (14 KiB): D/IRAM[0m
[0;32mI (554) heap_init: At 3FFE4350 len 0001BCB0 (111 KiB): D/IRAM[0m
[0;32mI (561) heap_init: At 400956B8 len 0000A948 (42 KiB): IRAM[0m
[0;32mI (568) spi_flash: detected chip: generic[0m
[0;32mI (572) spi_flash: flash io: dio[0m
[0;33mW (576) spi_flash: Detected size(4096k) larger than the size in the binary image header(2048k). Using the size in the binary image header.[0m
[0;32mI (593) cpu_start: Starting scheduler on PRO CPU.[0m
[0;32mI (0) cpu_start: Starting scheduler on APP CPU.[0m








-----------------------
ESP32 CSI Tool Settings
-----------------------
PROJECT_NAME: ACTIVE_AP
CONFIG_ESPTOOLPY_MONITOR_BAUD: 115200
CONFIG_ESP_CONSOLE_UART_BAUDRATE: 115200
IDF_VER: v4.3
-----------------------
WIFI_CHANNEL: 6
ESP_WIFI_SSID: myssid
ESP_WIFI_PASSWORD: mypassword
SHOULD_COLLECT_CSI: 1
SHOULD_COLLECT_ONLY_LLTF: 1
SEND_CSI_TO_SERIAL: 1
SEND_CSI_TO_SD: 0
-----------------------








I (763) wifi:wifi driver task: 3ffc32ac, prio:23, stack:6656, core=0
[0;32mI (763) system_api: Base MAC address is not set[0m
[0;32mI (763) system_api: read default base MAC address from EFUSE[0m
I (783) wifi:wifi firmware version: c7d0450
I (783) wifi:wifi certification version: v7.0
I (783) wifi:config NVS flash: enabled
I (783) wifi:config nano formating: disabled
I (783) wifi:Init data frame dynamic rx buffer num: 32
I (793) wifi:Init management frame dynamic rx buffer num: 32
I (793) wifi:Init management short buffer num: 32
I (803) wifi:Init dynamic tx buffer num: 32
I (803) wifi:Init static rx buffer size: 1600
I (813) wifi:Init static rx buffer num: 10
I (813) wifi:Init dynamic rx buffer num: 32
[0;32mI (813) wifi_init: rx ba win: 6[0m
[0;32mI (823) wifi_init: tcpip mbox: 32[0m
[0;32mI (823) wifi_init: udp mbox: 6[0m
[0;32mI (833) wifi_init: tcp mbox: 6[0m
[0;32mI (833) wifi_init: tcp tx win: 5744[0m
[0;32mI (833) wifi_init: tcp rx win: 5744[0m
[0;32mI (843) wifi_init: tcp mss: 1440[0m
[0;32mI (843) wifi_init: WiFi IRAM OP enabled[0m
[0;32mI (853) wifi_init: WiFi RX IRAM OP enabled[0m
[0;32mI (863) phy_init: phy_version 4670,719f9f6,Feb 18 2021,17:07:07[0m
I (973) wifi:mode : softAP (a0:a3:b3:aa:56:31)
I (973) wifi:Total power save buffer number: 16
I (973) wifi:Init max length of beacon: 752/752
I (973) wifi:Init max length of beacon: 752/752
I (973) wifi:Set ps type: 0

[0;32mI (983) Active CSI collection (AP): softap_init finished. SSID:myssid password:mypassword[0m
ESP_ERROR_CHECK failed: esp_err_t 0xffffffff (ESP_FAIL) at 0x40087078
file: "/home/lab7/Desktop/Thoth/firmware/active_ap/main/../../_components/csi_component.h" line 96
func: void csi_init(char*)
expression: esp_wifi_set_csi(1)

abort() was called at PC 0x4008707b on core 0

Backtrace:0x40087fcf:0x3ffbc280 0x400887a1:0x3ffbc2a0 0x4008f596:0x3ffbc2c0 0x4008707b:0x3ffbc330 0x400d7658:0x3ffbc350 0x400d792f:0x3ffbc380 0x4016c871:0x3ffbc3a0 0x4008bc59:0x3ffbc3c0


ELF file SHA256: a71cb9f9d3f0193d

Rebooting...
ets Jul 29 2019 12:21:46

rst:0xc (SW_CPU_RESET),boot:0x13 (SPI_FAST_FLASH_BOOT)
configsip: 0, SPIWP:0xee
clk_drv:0x00,q_drv:0x00,d_drv:0x00,cs0_drv:0x00,hd_drv:0x00,wp_drv:0x00
mode:DIO, clock div:2
load:0x3fff0030,len:6952
load:0x40078000,len:14292
load:0x40080400,len:3688
entry 0x40080678
[0;32mI (27) boot: ESP-IDF v4.3 2nd stage bootloader[0m
[0;32mI (27) boot: compile time 09:25:41[0m
[0;32mI (27) boot: chip revision: 3[0m
[0;32mI (30) boot_comm: chip revision: 3, min. bootloader chip revision: 0[0m
[0;32mI (37) boot.esp32: SPI Speed      : 40MHz[0m
[0;32mI (42) boot.esp32: SPI Mode       : DIO[0m
[0;32mI (46) boot.esp32: SPI Flash Size : 2MB[0m
[0;32mI (51) boot: Enabling RNG early entropy source...[0m
[0;32mI (56) boot: Partition Table:[0m
[0;32mI (60) boot: ## Label            Usage          Type ST Offset   Length[0m
[0;32mI (67) boot:  0 nvs              WiFi data        01 02 00009000 00006000[0m
[0;32mI (74) boot:  1 phy_init         RF data          01 01 0000f000 00001000[0m
[0;32mI (82) boot:  2 factory          factory app      00 00 00010000 00100000[0m
[0;32mI (89) boot: End of partition table[0m
[0;32mI (93) boot_comm: chip revision: 3, min. application chip revision: 0[0m
[0;32mI (101) esp_image: segment 0: paddr=00010020 vaddr=3f400020 size=280bch (164028) map[0m
[0;32mI (171) esp_image: segment 1: paddr=000380e4 vaddr=3ffb0000 size=043f4h ( 17396) load[0m
[0;32mI (178) esp_image: segment 2: paddr=0003c4e0 vaddr=40080000 size=03b38h ( 15160) load[0m
[0;32mI (185) esp_image: segment 3: paddr=00040020 vaddr=400d0020 size=9cb54h (641876) map[0m
[0;32mI (427) esp_image: segment 4: paddr=000dcb7c vaddr=40083b38 size=11b80h ( 72576) load[0m
[0;32mI (459) esp_image: segment 5: paddr=000ee704 vaddr=50000000 size=00010h (    16) load[0m
[0;32mI (471) boot: Loaded app from partition at offset 0x10000[0m
[0;32mI (471) boot: Disabling RNG early entropy source...[0m
[0;32mI (482) cpu_start: Pro cpu up.[0m
[0;32mI (482) cpu_start: Starting app cpu, entry point is 0x40081304[0m
[0;32mI (469) cpu_start: App cpu up.[0m
[0;32mI (497) cpu_start: Pro cpu start user code[0m
[0;32mI (497) cpu_start: cpu freq: 160000000[0m
[0;32mI (497) cpu_start: Application information:[0m
[0;32mI (501) cpu_start: Project name:     active-ap[0m
[0;32mI (506) cpu_start: App version:      68e3b54-dirty[0m
[0;32mI (512) cpu_start: Compile time:     Apr 22 2025 09:25:39[0m
[0;32mI (518) cpu_start: ELF file SHA256:  a71cb9f9d3f0193d...[0m
[0;32mI (524) cpu_start: ESP-IDF:          v4.3[0m
[0;32mI (529) heap_init: Initializing. RAM available for dynamic allocation:[0m
[0;32mI (536) heap_init: At 3FFAE6E0 len 00001920 (6 KiB): DRAM[0m
[0;32mI (542) heap_init: At 3FFB96C0 len 00026940 (154 KiB): DRAM[0m
[0;32mI (548) heap_init: At 3FFE0440 len 00003AE0 (14 KiB): D/IRAM[0m
[0;32mI (554) heap_init: At 3FFE4350 len 0001BCB0 (111 KiB): D/IRAM[0m
[0;32mI (561) heap_init: At 400956B8 len 0000A948 (42 KiB): IRAM[0m
[0;32mI (568) spi_flash: detected chip: generic[0m
[0;32mI (572) spi_flash: flash io: dio[0m
[0;33mW (576) spi_flash: Detected size(4096k) larger than the size in the binary image header(2048k). Using the size in the binary image header.[0m
[0;32mI (593) cpu_start: Starting scheduler on PRO CPU.[0m
[0;32mI (0) cpu_start: Starting scheduler on APP CPU.[0m








-----------------------
ESP32 CSI Tool Settings
-----------------------
PROJECT_NAME: ACTIVE_AP
CONFIG_ESPTOOLPY_MONITOR_BAUD: 115200
CONFIG_ESP_CONSOLE_UART_BAUDRATE: 115200
IDF_VER: v4.3
-----------------------
WIFI_CHANNEL: 6
ESP_WIFI_SSID: myssid
ESP_WIFI_PASSWORD: mypassword
SHOULD_COLLECT_CSI: 1
SHOULD_COLLECT_ONLY_LLTF: 1
SEND_CSI_TO_SERIAL: 1
SEND_CSI_TO_SD: 0
-----------------------








I (763) wifi:wifi driver task: 3ffc32ac, prio:23, stack:6656, core=0
[0;32mI (763) system_api: Base MAC address is not set[0m
[0;32mI (763) system_api: read default base MAC address from EFUSE[0m
I (783) wifi:wifi firmware version: c7d0450
I (783) wifi:wifi certification version: v7.0
I (783) wifi:config NVS flash: enabled
I (783) wifi:config nano formating: disabled
I (783) wifi:Init data frame dynamic rx buffer num: 32
I (793) wifi:Init management frame dynamic rx buffer num: 32
I (793) wifi:Init management short buffer num: 32
I (803) wifi:Init dynamic tx buffer num: 32
I (803) wifi:Init static rx buffer size: 1600
I (813) wifi:Init static rx buffer num: 10
I (813) wifi:Init dynamic rx buffer num: 32
[0;32mI (813) wifi_init: rx ba win: 6[0m
[0;32mI (823) wifi_init: tcpip mbox: 32[0m
[0;32mI (823) wifi_init: udp mbox: 6[0m
[0;32mI (833) wifi_init: tcp mbox: 6[0m
[0;32mI (833) wifi_init: tcp tx win: 5744[0m
[0;32mI (833) wifi_init: tcp rx win: 5744[0m
[0;32mI (843) wifi_init: tcp mss: 1440[0m
[0;32mI (843) wifi_init: WiFi IRAM OP enabled[0m
[0;32mI (853) wifi_init: WiFi RX IRAM OP enabled[0m
[0;32mI (863) phy_init: phy_version 4670,719f9f6,Feb 18 2021,17:07:07[0m
I (973) wifi:mode : softAP (a0:a3:b3:aa:56:31)
I (973) wifi:Total power save buffer number: 16
I (973) wifi:Init max length of beacon: 752/752
I (973) wifi:Init max length of beacon: 752/752
I (973) wifi:Set ps type: 0

[0;32mI (983) Active CSI collection (AP): softap_init finished. SSID:myssid password:mypassword[0m
ESP_ERROR_CHECK failed: esp_err_t 0xffffffff (ESP_FAIL) at 0x40087078
file: "/home/lab7/Desktop/Thoth/firmware/active_ap/main/../../_components/csi_component.h" line 96
func: void csi_init(char*)
expression: esp_wifi_set_csi(1)

abort() was called at PC 0x4008707b on core 0

Backtrace:0x40087fcf:0x3ffbc280 0x400887a1:0x3ffbc2a0 0x4008f596:0x3ffbc2c0 0x4008707b:0x3ffbc330 0x400d7658:0x3ffbc350 0x400d792f:0x3ffbc380 0x4016c871:0x3ffbc3a0 0x4008bc59:0x3ffbc3c0


ELF file SHA256: a71cb9f9d3f0193d

Rebooting...
ets Jul 29 2019 12:21:46

rst:0xc (SW_CPU_RESET),boot:0x13 (SPI_FAST_FLASH_BOOT)
configsip: 0, SPIWP:0xee
clk_drv:0x00,q_drv:0x00,d_drv:0x00,cs0_drv:0x00,hd_drv:0x00,wp_drv:0x00
mode:DIO, clock div:2
load:0x3fff0030,len:6952
load:0x40078000,len:14292
load:0x40080400,len:3688
entry 0x40080678
[0;32mI (27) boot: ESP-IDF v4.3 2nd stage bootloader[0m
[0;32mI (27) boot: compile time 09:25:41[0m
[0;32mI (27) boot: chip revision: 3[0m
[0;32mI (30) boot_comm: chip revision: 3, min. bootloader chip revision: 0[0m
[0;32mI (37) boot.esp32: SPI Speed      : 40MHz[0m
[0;32mI (42) boot.esp32: SPI Mode       : DIO[0m
[0;32mI (46) boot.esp32: SPI Flash Size : 2MB[0m
[0;32mI (51) boot: Enabling RNG early entropy source...[0m
[0;32mI (56) boot: Partition Table:[0m
[0;32mI (60) boot: ## Label            Usage          Type ST Offset   Length[0m
[0;32mI (67) boot:  0 nvs              WiFi data        01 02 00009000 00006000[0m
[0;32mI (74) boot:  1 phy_init         RF data          01 01 0000f000 00001000[0m
[0;32mI (82) boot:  2 factory          factory app      00 00 00010000 00100000[0m
[0;32mI (89) boot: End of partition table[0m
[0;32mI (93) boot_comm: chip revision: 3, min. application chip revision: 0[0m
[0;32mI (101) esp_image: segment 0: paddr=00010020 vaddr=3f400020 size=280bch (164028) map[0m
[0;32mI (171) esp_image: segment 1: paddr=000380e4 vaddr=3ffb0000 size=043f4h ( 17396) load[0m
[0;32mI (178) esp_image: segment 2: paddr=0003c4e0 vaddr=40080000 size=03b38h ( 15160) load[0m
[0;32mI (185) esp_image: segment 3: paddr=00040020 vaddr=400d0020 size=9cb54h (641876) map[0m
[0;32mI (427) esp_image: segment 4: paddr=000dcb7c vaddr=40083b38 size=11b80h ( 72576) load[0m
[0;32mI (459) esp_image: segment 5: paddr=000ee704 vaddr=50000000 size=00010h (    16) load[0m
[0;32mI (471) boot: Loaded app from partition at offset 0x10000[0m
[0;32mI (471) boot: Disabling RNG early entropy source...[0m
[0;32mI (482) cpu_start: Pro cpu up.[0m
[0;32mI (482) cpu_start: Starting app cpu, entry point is 0x40081304[0m
[0;32mI (469) cpu_start: App cpu up.[0m
[0;32mI (497) cpu_start: Pro cpu start user code[0m
[0;32mI (497) cpu_start: cpu freq: 160000000[0m
[0;32mI (497) cpu_start: Application information:[0m
[0;32mI (501) cpu_start: Project name:     active-ap[0m
[0;32mI (506) cpu_start: App version:      68e3b54-dirty[0m
[0;32mI (512) cpu_start: Compile time:     Apr 22 2025 09:25:39[0m
[0;32mI (518) cpu_start: ELF file SHA256:  a71cb9f9d3f0193d...[0m
[0;32mI (524) cpu_start: ESP-IDF:          v4.3[0m
[0;32mI (529) heap_init: Initializing. RAM available for dynamic allocation:[0m
[0;32mI (536) heap_init: At 3FFAE6E0 len 00001920 (6 KiB): DRAM[0m
[0;32mI (542) heap_init: At 3FFB96C0 len 00026940 (154 KiB): DRAM[0m
[0;32mI (548) heap_init: At 3FFE0440 len 00003AE0 (14 KiB): D/IRAM[0m
[0;32mI (554) heap_init: At 3FFE4350 len 0001BCB0 (111 KiB): D/IRAM[0m
[0;32mI (561) heap_init: At 400956B8 len 0000A948 (42 KiB): IRAM[0m
[0;32mI (568) spi_flash: detected chip: generic[0m
[0;32mI (572) spi_flash: flash io: dio[0m
[0;33mW (576) spi_flash: Detected size(4096k) larger than the size in the binary image header(2048k). Using the size in the binary image header.[0m
[0;32mI (593) cpu_start: Starting scheduler on PRO CPU.[0m
[0;32mI (0) cpu_start: Starting scheduler on APP CPU.[0m








-----------------------
ESP32 CSI Tool Settings
-----------------------
PROJECT_NAME: ACTIVE_AP
CONFIG_ESPTOOLPY_MONITOR_BAUD: 115200
CONFIG_ESP_CONSOLE_UART_BAUDRATE: 115200
IDF_VER: v4.3
-----------------------
WIFI_CHANNEL: 6
ESP_WIFI_SSID: myssid
ESP_WIFI_PASSWORD: mypassword
SHOULD_COLLECT_CSI: 1
SHOULD_COLLECT_ONLY_LLTF: 1
SEND_CSI_TO_SERIAL: 1
SEND_CSI_TO_SD: 0
-----------------------








I (763) wifi:wifi driver task: 3ffc32ac, prio:23, stack:6656, core=0
[0;32mI (763) system_api: Base MAC address is not set[0m
[0;32mI (763) system_api: read default base MAC address from EFUSE[0m
I (783) wifi:wifi firmware version: c7d0450
I (783) wifi:wifi certification version: v7.0
I (783) wifi:config NVS flash: enabled
I (783) wifi:config nano formating: disabled
I (783) wifi:Init data frame dynamic rx buffer num: 32
I (793) wifi:Init management frame dynamic rx buffer num: 32
I (793) wifi:Init management short buffer num: 32
I (803) wifi:Init dynamic tx buffer num: 32
I (803) wifi:Init static rx buffer size: 1600
I (813) wifi:Init static rx buffer num: 10
I (813) wifi:Init dynamic rx buffer num: 32
[0;32mI (813) wifi_init: rx ba win: 6[0m
[0;32mI (823) wifi_init: tcpip mbox: 32[0m
[0;32mI (823) wifi_init: udp mbox: 6[0m
[0;32mI (833) wifi_init: tcp mbox: 6[0m
[0;32mI (833) wifi_init: tcp tx win: 5744[0m
[0;32mI (833) wifi_init: tcp rx win: 5744[0m
[0;32mI (843) wifi_init: tcp mss: 1440[0m
[0;32mI (843) wifi_init: WiFi IRAM OP enabled[0m
[0;32mI (853) wifi_init: WiFi RX IRAM OP enabled[0m
[0;32mI (863) phy_init: phy_version 4670,719f9f6,Feb 18 2021,17:07:07[0m
I (973) wifi:mode : softAP (a0:a3:b3:aa:56:31)
I (973) wifi:Total power save buffer number: 16
I (973) wifi:Init max length of beacon: 752/752
I (973) wifi:Init max length of beacon: 752/752
I (973) wifi:Set ps type: 0

[0;32mI (983) Active CSI collection (AP): softap_init finished. SSID:myssid password:mypassword[0m
ESP_ERROR_CHECK failed: esp_err_t 0xffffffff (ESP_FAIL) at 0x40087078
file: "/home/lab7/Desktop/Thoth/firmware/active_ap/main/../../_components/csi_component.h" line 96
func: void csi_init(char*)
expression: esp_wifi_set_csi(1)

abort() was called at PC 0x4008707b on core 0

Backtrace:0x40087fcf:0x3ffbc280 0x400887a1:0x3ffbc2a0 0x4008f596:0x3ffbc2c0 0x4008707b:0x3ffbc330 0x400d7658:0x3ffbc350 0x400d792f:0x3ffbc380 0x4016c871:0x3ffbc3a0 0x4008bc59:0x3ffbc3c0


ELF file SHA256: a71cb9f9d3f0193d

Rebooting...
ets Jul 29 2019 12:21:46

rst:0xc (SW_CPU_RESET),boot:0x13 (SPI_FAST_FLASH_BOOT)
configsip: 0, SPIWP:0xee
clk_drv:0x00,q_drv:0x00,d_drv:0x00,cs0_drv:0x00,hd_drv:0x00,wp_drv:0x00
mode:DIO, clock div:2
load:0x3fff0030,len:6952
load:0x40078000,len:14292
load:0x40080400,len:3688
entry 0x40080678
[0;32mI (27) boot: ESP-IDF v4.3 2nd stage bootloader[0m
[0;32mI (27) boot: compile time 09:25:41[0m
[0;32mI (27) boot: chip revision: 3[0m
[0;32mI (30) boot_comm: chip revision: 3, min. bootloader chip revision: 0[0m
[0;32mI (37) boot.esp32: SPI Speed      : 40MHz[0m
[0;32mI (42) boot.esp32: SPI Mode       : DIO[0m
[0;32mI (46) boot.esp32: SPI Flash Size : 2MB[0m
[0;32mI (51) boot: Enabling RNG early entropy source...[0m
[0;32mI (56) boot: Partition Table:[0m
[0;32mI (60) boot: ## Label            Usage          Type ST Offset   Length[0m
[0;32mI (67) boot:  0 nvs              WiFi data        01 02 00009000 00006000[0m
[0;32mI (74) boot:  1 phy_init         RF data          01 01 0000f000 00001000[0m
[0;32mI (82) boot:  2 factory          factory app      00 00 00010000 00100000[0m
[0;32mI (89) boot: End of partition table[0m
[0;32mI (93) boot_comm: chip revision: 3, min. application chip revision: 0[0m
[0;32mI (101) esp_image: segment 0: paddr=00010020 vaddr=3f400020 size=280bch (164028) map[0m
[0;32mI (171) esp_image: segment 1: paddr=000380e4 vaddr=3ffb0000 size=043f4h ( 17396) load[0m
[0;32mI (178) esp_image: segment 2: paddr=0003c4e0 vaddr=40080000 size=03b38h ( 15160) load[0m
[0;32mI (185) esp_image: segment 3: paddr=00040020 vaddr=400d0020 size=9cb54h (641876) map[0m
[0;32mI (427) esp_image: segment 4: paddr=000dcb7c vaddr=40083b38 size=11b80h ( 72576) load[0m
[0;32mI (459) esp_image: segment 5: paddr=000ee704 vaddr=50000000 size=00010h (    16) load[0m
[0;32mI (471) boot: Loaded app from partition at offset 0x10000[0m
[0;32mI (471) boot: Disabling RNG early entropy source...[0m
[0;32mI (482) cpu_start: Pro cpu up.[0m
[0;32mI (482) cpu_start: Starting app cpu, entry point is 0x40081304[0m
[0;32mI (469) cpu_start: App cpu up.[0m
[0;32mI (497) cpu_start: Pro cpu start user code[0m
[0;32mI (497) cpu_start: cpu freq: 160000000[0m
[0;32mI (497) cpu_start: Application information:[0m
[0;32mI (501) cpu_start: Project name:     active-ap[0m
[0;32mI (506) cpu_start: App version:      68e3b54-dirty[0m
[0;32mI (512) cpu_start: Compile time:     Apr 22 2025 09:25:39[0m
[0;32mI (518) cpu_start: ELF file SHA256:  a71cb9f9d3f0193d...[0m
[0;32mI (524) cpu_start: ESP-IDF:          v4.3[0m
[0;32mI (529) heap_init: Initializing. RAM available for dynamic allocation:[0m
[0;32mI (536) heap_init: At 3FFAE6E0 len 00001920 (6 KiB): DRAM[0m
[0;32mI (542) heap_init: At 3FFB96C0 len 00026940 (154 KiB): DRAM[0m
[0;32mI (548) heap_init: At 3FFE0440 len 00003AE0 (14 KiB): D/IRAM[0m
[0;32mI (554) heap_init: At 3FFE4350 len 0001BCB0 (111 KiB): D/IRAM[0m
[0;32mI (561) heap_init: At 400956B8 len 0000A948 (42 KiB): IRAM[0m
[0;32mI (568) spi_flash: detected chip: generic[0m
[0;32mI (572) spi_flash: flash io: dio[0m
[0;33mW (576) spi_flash: Detected size(4096k) larger than the size in the binary image header(2048k). Using the size in the binary image header.[0m
[0;32mI (593) cpu_start: Starting scheduler on PRO CPU.[0m
[0;32mI (0) cpu_start: Starting scheduler on APP CPU.[0m








-----------------------
ESP32 CSI Tool Settings
-----------------------
PROJECT_NAME: ACTIVE_AP
CONFIG_ESPTOOLPY_MONITOR_BAUD: 115200
CONFIG_ESP_CONSOLE_UART_BAUDRATE: 115200
IDF_VER: v4.3
-----------------------
WIFI_CHANNEL: 6
ESP_WIFI_SSID: myssid
ESP_WIFI_PASSWORD: mypassword
SHOULD_COLLECT_CSI: 1
SHOULD_COLLECT_ONLY_LLTF: 1
SEND_CSI_TO_SERIAL: 1
SEND_CSI_TO_SD: 0
-----------------------








I (763) wifi:wifi driver task: 3ffc32ac, prio:23, stack:6656, core=0
[0;32mI (763) system_api: Base MAC address is not set[0m
[0;32mI (763) system_api: read default base MAC address from EFUSE[0m
I (783) wifi:wifi firmware version: c7d0450
I (783) wifi:wifi certification version: v7.0
I (783) wifi:config NVS flash: enabled
I (783) wifi:config nano formating: disabled
I (783) wifi:Init data frame dynamic rx buffer num: 32
I (793) wifi:Init management frame dynamic rx buffer num: 32
I (793) wifi:Init management short buffer num: 32
I (803) wifi:Init dynamic tx buffer num: 32
I (803) wifi:Init static rx buffer size: 1600
I (813) wifi:Init static rx buffer num: 10
I (813) wifi:Init dynamic rx buffer num: 32
[0;32mI (813) wifi_init: rx ba win: 6[0m
[0;32mI (823) wifi_init: tcpip mbox: 32[0m
[0;32mI (823) wifi_init: udp mbox: 6[0m
[0;32mI (833) wifi_init: tcp mbox: 6[0m
[0;32mI (833) wifi_init: tcp tx win: 5744[0m
[0;32mI (833) wifi_init: tcp rx win: 5744[0m
[0;32mI (843) wifi_init: tcp mss: 1440[0m
[0;32mI (843) wifi_init: WiFi IRAM OP enabled[0m
[0;32mI (853) wifi_init: WiFi RX IRAM OP enabled[0m
[0;32mI (863) phy_init: phy_version 4670,719f9f6,Feb 18 2021,17:07:07[0m
I (963) wifi:mode : softAP (a0:a3:b3:aa:56:31)
I (973) wifi:Total power save buffer number: 16
I (973) wifi:Init max length of beacon: 752/752
I (973) wifi:Init max length of beacon: 752/752
I (973) wifi:Set ps type: 0

[0;32mI (973) Active CSI collection (AP): softap_init finished. SSID:myssid password:mypassword[0m
ESP_ERROR_CHECK failed: esp_err_t 0xffffffff (ESP_FAIL) at 0x40087078
file: "/home/lab7/Desktop/Thoth/firmware/active_ap/main/../../_components/csi_component.h" line 96
func: void csi_init(char*)
expression: esp_wifi_set_csi(1)

abort() was called at PC 0x4008707b on core 0

Backtrace:0x40087fcf:0x3ffbc280 0x400887a1:0x3ffbc2a0 0x4008f596:0x3ffbc2c0 0x4008707b:0x3ffbc330 0x400d7658:0x3ffbc350 0x400d792f:0x3ffbc380 0x4016c871:0x3ffbc3a0 0x4008bc59:0x3ffbc3c0


ELF file SHA256: a71cb9f9d3f0193d

Rebooting...
ets Jul 29 2019 12:21:46

rst:0xc (SW_CPU_RESET),boot:0x13 (SPI_FAST_FLASH_BOOT)
configsip: 0, SPIWP:0xee
clk_drv:0x00,q_drv:0x00,d_drv:0x00,cs0_drv:0x00,hd_drv:0x00,wp_drv:0x00
mode:DIO, clock div:2
load:0x3fff0030,len:6952
load:0x40078000,len:14292
load:0x40080400,len:3688
entry 0x40080678
[0;32mI (27) boot: ESP-IDF v4.3 2nd stage bootloader[0m
[0;32mI (27) boot: compile time 09:25:41[0m
[0;32mI (27) boot: chip revision: 3[0m
[0;32mI (30) boot_comm: chip revision: 3, min. bootloader chip revision: 0[0m
[0;32mI (37) boot.esp32: SPI Speed      : 40MHz[0m
[0;32mI (42) boot.esp32: SPI Mode       : DIO[0m
[0;32mI (46) boot.esp32: SPI Flash Size : 2MB[0m
[0;32mI (51) boot: Enabling RNG early entropy source...[0m
[0;32mI (56) boot: Partition Table:[0m
[0;32mI (60) boot: ## Label            Usage          Type ST Offset   Length[0m
[0;32mI (67) boot:  0 nvs              WiFi data        01 02 00009000 00006000[0m
[0;32mI (74) boot:  1 phy_init         RF data          01 01 0000f000 00001000[0m
[0;32mI (82) boot:  2 factory          factory app      00 00 00010000 00100000[0m
[0;32mI (89) boot: End of partition table[0m
[0;32mI (93) boot_comm: chip revision: 3, min. application chip revision: 0[0m
[0;32mI (101) esp_image: segment 0: paddr=00010020 vaddr=3f400020 size=280bch (164028) map[0m
[0;32mI (171) esp_image: segment 1: paddr=000380e4 vaddr=3ffb0000 size=043f4h ( 17396) load[0m
[0;32mI (178) esp_image: segment 2: paddr=0003c4e0 vaddr=40080000 size=03b38h ( 15160) load[0m
[0;32mI (185) esp_image: segment 3: paddr=00040020 vaddr=400d0020 size=9cb54h (641876) map[0m
[0;32mI (427) esp_image: segment 4: paddr=000dcb7c vaddr=40083b38 size=11b80h ( 72576) load[0m
[0;32mI (459) esp_image: segment 5: paddr=000ee704 vaddr=50000000 size=00010h (    16) load[0m
[0;32mI (471) boot: Loaded app from partition at offset 0x10000[0m
[0;32mI (471) boot: Disabling RNG early entropy source...[0m
[0;32mI (482) cpu_start: Pro cpu up.[0m
[0;32mI (482) cpu_start: Starting app cpu, entry point is 0x40081304[0m
[0;32mI (469) cpu_start: App cpu up.[0m
[0;32mI (497) cpu_start: Pro cpu start user code[0m
[0;32mI (497) cpu_start: cpu freq: 160000000[0m
[0;32mI (497) cpu_start: Application information:[0m
[0;32mI (501) cpu_start: Project name:     active-ap[0m
[0;32mI (506) cpu_start: App version:      68e3b54-dirty[0m
[0;32mI (512) cpu_start: Compile time:     Apr 22 2025 09:25:39[0m
[0;32mI (518) cpu_start: ELF file SHA256:  a71cb9f9d3f0193d...[0m
[0;32mI (524) cpu_start: ESP-IDF:          v4.3[0m
[0;32mI (529) heap_init: Initializing. RAM available for dynamic allocation:[0m
[0;32mI (536) heap_init: At 3FFAE6E0 len 00001920 (6 KiB): DRAM[0m
[0;32mI (542) heap_init: At 3FFB96C0 len 00026940 (154 KiB): DRAM[0m
[0;32mI (548) heap_init: At 3FFE0440 len 00003AE0 (14 KiB): D/IRAM[0m
[0;32mI (554) heap_init: At 3FFE4350 len 0001BCB0 (111 KiB): D/IRAM[0m
[0;32mI (561) heap_init: At 400956B8 len 0000A948 (42 KiB): IRAM[0m
[0;32mI (568) spi_flash: detected chip: generic[0m
[0;32mI (572) spi_flash: flash io: dio[0m
[0;33mW (576) spi_flash: Detected size(4096k) larger than the size in the binary image header(2048k). Using the size in the binary image header.[0m
[0;32mI (593) cpu_start: Starting scheduler on PRO CPU.[0m
[0;32mI (0) cpu_start: Starting scheduler on APP CPU.[0m








-----------------------
ESP32 CSI Tool Settings
-----------------------
PROJECT_NAME: ACTIVE_AP
CONFIG_ESPTOOLPY_MONITOR_BAUD: 115200
CONFIG_ESP_CONSOLE_UART_BAUDRATE: 115200
IDF_VER: v4.3
-----------------------
WIFI_CHANNEL: 6
ESP_WIFI_SSID: myssid
ESP_WIFI_PASSWORD: mypassword
SHOULD_COLLECT_CSI: 1
SHOULD_COLLECT_ONLY_LLTF: 1
SEND_CSI_TO_SERIAL: 1
SEND_CSI_TO_SD: 0
-----------------------








I (763) wifi:wifi driver task: 3ffc32ac, prio:23, stack:6656, core=0
[0;32mI (763) system_api: Base MAC address is not set[0m
[0;32mI (763) system_api: read default base MAC address from EFUSE[0m
I (783) wifi:wifi firmware version: c7d0450
I (783) wifi:wifi certification version: v7.0
I (783) wifi:config NVS flash: enabled
I (783) wifi:config nano formating: disabled
I (783) wifi:Init data frame dynamic rx buffer num: 32
I (793) wifi:Init management frame dynamic rx buffer num: 32
I (793) wifi:Init management short buffer num: 32
I (803) wifi:Init dynamic tx buffer num: 32
I (803) wifi:Init static rx buffer size: 1600
I (813) wifi:Init static rx buffer num: 10
I (813) wifi:Init dynamic rx buffer num: 32
[0;32mI (813) wifi_init: rx ba win: 6[0m
[0;32mI (823) wifi_init: tcpip mbox: 32[0m
[0;32mI (823) wifi_init: udp mbox: 6[0m
[0;32mI (833) wifi_init: tcp mbox: 6[0m
[0;32mI (833) wifi_init: tcp tx win: 5744[0m
[0;32mI (833) wifi_init: tcp rx win: 5744[0m
[0;32mI (843) wifi_init: tcp mss: 1440[0m
[0;32mI (843) wifi_init: WiFi IRAM OP enabled[0m
[0;32mI (853) wifi_init: WiFi RX IRAM OP enabled[0m
[0;32mI (863) phy_init: phy_version 4670,719f9f6,Feb 18 2021,17:07:07[0m
I (963) wifi:mode : softAP (a0:a3:b3:aa:56:31)
I (973) wifi:Total power save buffer number: 16
I (973) wifi:Init max length of beacon: 752/752
I (973) wifi:Init max length of beacon: 752/752
I (973) wifi:Set ps type: 0

[0;32mI (973) Active CSI collection (AP): softap_init finished. SSID:myssid password:mypassword[0m
ESP_ERROR_CHECK failed: esp_err_t 0xffffffff (ESP_FAIL) at 0x40087078
file: "/home/lab7/Desktop/Thoth/firmware/active_ap/main/../../_components/csi_component.h" line 96
func: void csi_init(char*)
expression: esp_wifi_set_csi(1)

abort() was called at PC 0x4008707b on core 0

Backtrace:0x40087fcf:0x3ffbc280 0x400887a1:0x3ffbc2a0 0x4008f596:0x3ffbc2c0 0x4008707b:0x3ffbc330 0x400d7658:0x3ffbc350 0x400d792f:0x3ffbc380 0x4016c871:0x3ffbc3a0 0x4008bc59:0x3ffbc3c0


ELF file SHA256: a71cb9f9d3f0193d

Rebooting...
ets Jul 29 2019 12:21:46

rst:0xc (SW_CPU_RESET),boot:0x13 (SPI_FAST_FLASH_BOOT)
configsip: 0, SPIWP:0xee
clk_drv:0x00,q_drv:0x00,d_drv:0x00,cs0_drv:0x00,hd_drv:0x00,wp_drv:0x00
mode:DIO, clock div:2
load:0x3fff0030,len:6952
load:0x40078000,len:14292
load:0x40080400,len:3688
entry 0x40080678
[0;32mI (27) boot: ESP-IDF v4.3 2nd stage bootloader[0m
[0;32mI (27) boot: compile time 09:25:41[0m
[0;32mI (27) boot: chip revision: 3[0m
[0;32mI (30) boot_comm: chip revision: 3, min. bootloader chip revision: 0[0m
[0;32mI (37) boot.esp32: SPI Speed      : 40MHz[0m
[0;32mI (42) boot.esp32: SPI Mode       : DIO[0m
[0;32mI (46) boot.esp32: SPI Flash Size : 2MB[0m
[0;32mI (51) boot: Enabling RNG early entropy source...[0m
[0;32mI (56) boot: Partition Table:[0m
[0;32mI (60) boot: ## Label            Usage          Type ST Offset   Length[0m
[0;32mI (67) boot:  0 nvs              WiFi data        01 02 00009000 00006000[0m
[0;32mI (74) boot:  1 phy_init         RF data          01 01 0000f000 00001000[0m
[0;32mI (82) boot:  2 factory          factory app      00 00 00010000 00100000[0m
[0;32mI (89) boot: End of partition table[0m
[0;32mI (93) boot_comm: chip revision: 3, min. application chip revision: 0[0m
[0;32mI (101) esp_image: segment 0: paddr=00010020 vaddr=3f400020 size=280bch (164028) map[0m
[0;32mI (171) esp_image: segment 1: paddr=000380e4 vaddr=3ffb0000 size=043f4h ( 17396) load[0m
[0;32mI (178) esp_image: segment 2: paddr=0003c4e0 vaddr=40080000 size=03b38h ( 15160) load[0m
[0;32mI (185) esp_image: segment 3: paddr=00040020 vaddr=400d0020 size=9cb54h (641876) map[0m
[0;32mI (427) esp_image: segment 4: paddr=000dcb7c vaddr=40083b38 size=11b80h ( 72576) load[0m
[0;32mI (459) esp_image: segment 5: paddr=000ee704 vaddr=50000000 size=00010h (    16) load[0m
[0;32mI (471) boot: Loaded app from partition at offset 0x10000[0m
[0;32mI (471) boot: Disabling RNG early entropy source...[0m
[0;32mI (482) cpu_start: Pro cpu up.[0m
[0;32mI (482) cpu_start: Starting app cpu, entry point is 0x40081304[0m
[0;32mI (469) cpu_start: App cpu up.[0m
[0;32mI (497) cpu_start: Pro cpu start user code[0m
[0;32mI (497) cpu_start: cpu freq: 160000000[0m
[0;32mI (497) cpu_start: Application information:[0m
[0;32mI (501) cpu_start: Project name:     active-ap[0m
[0;32mI (506) cpu_start: App version:      68e3b54-dirty[0m
[0;32mI (512) cpu_start: Compile time:     Apr 22 2025 09:25:39[0m
[0;32mI (518) cpu_start: ELF file SHA256:  a71cb9f9d3f0193d...[0m
[0;32mI (524) cpu_start: ESP-IDF:          v4.3[0m
[0;32mI (529) heap_init: Initializing. RAM available for dynamic allocation:[0m
[0;32mI (536) heap_init: At 3FFAE6E0 len 00001920 (6 KiB): DRAM[0m
[0;32mI (542) heap_init: At 3FFB96C0 len 00026940 (154 KiB): DRAM[0m
[0;32mI (548) heap_init: At 3FFE0440 len 00003AE0 (14 KiB): D/IRAM[0m
[0;32mI (554) heap_init: At 3FFE4350 len 0001BCB0 (111 KiB): D/IRAM[0m
[0;32mI (561) heap_init: At 400956B8 len 0000A948 (42 KiB): IRAM[0m
[0;32mI (568) spi_flash: detected chip: generic[0m
[0;32mI (572) spi_flash: flash io: dio[0m
[0;33mW (576) spi_flash: Detected size(4096k) larger than the size in the binary image header(2048k). Using the size in the binary image header.[0m
[0;32mI (593) cpu_start: Starting scheduler on PRO CPU.[0m
[0;32mI (0) cpu_start: Starting scheduler on APP CPU.[0m








-----------------------
ESP32 CSI Tool Settings
-----------------------
PROJECT_NAME: ACTIVE_AP
CONFIG_ESPTOOLPY_MONITOR_BAUD: 115200
CONFIG_ESP_CONSOLE_UART_BAUDRATE: 115200
IDF_VER: v4.3
-----------------------
WIFI_CHANNEL: 6
ESP_WIFI_SSID: myssid
ESP_WIFI_PASSWORD: mypassword
SHOULD_COLLECT_CSI: 1
SHOULD_COLLECT_ONLY_LLTF: 1
SEND_CSI_TO_SERIAL: 1
SEND_CSI_TO_SD: 0
-----------------------








I (763) wifi:wifi driver task: 3ffc32ac, prio:23, stack:6656, core=0
[0;32mI (763) system_api: Base MAC address is not set[0m
[0;32mI (763) system_api: read default base MAC address from EFUSE[0m
I (783) wifi:wifi firmware version: c7d0450
I (783) wifi:wifi certification version: v7.0
I (783) wifi:config NVS flash: enabled
I (783) wifi:config nano formating: disabled
I (783) wifi:Init data frame dynamic rx buffer num: 32
I (793) wifi:Init management frame dynamic rx buffer num: 32
I (793) wifi:Init management short buffer num: 32
I (803) wifi:Init dynamic tx buffer num: 32
I (803) wifi:Init static rx buffer size: 1600
I (813) wifi:Init static rx buffer num: 10
I (813) wifi:Init dynamic rx buffer num: 32
[0;32mI (813) wifi_init: rx ba win: 6[0m
[0;32mI (823) wifi_init: tcpip mbox: 32[0m
[0;32mI (823) wifi_init: udp mbox: 6[0m
[0;32mI (833) wifi_init: tcp mbox: 6[0m
[0;32mI (833) wifi_init: tcp tx win: 5744[0m
[0;32mI (833) wifi_init: tcp rx win: 5744[0m
[0;32mI (843) wifi_init: tcp mss: 1440[0m
[0;32mI (843) wifi_init: WiFi IRAM OP enabled[0m
[0;32mI (853) wifi_init: WiFi RX IRAM OP enabled[0m
[0;32mI (863) phy_init: phy_version 4670,719f9f6,Feb 18 2021,17:07:07[0m
I (963) wifi:mode : softAP (a0:a3:b3:aa:56:31)
I (973) wifi:Total power save buffer number: 16
I (973) wifi:Init max length of beacon: 752/752
I (973) wifi:Init max length of beacon: 752/752
I (973) wifi:Set ps type: 0

[0;32mI (973) Active CSI collection (AP): softap_init finished. SSID:myssid password:mypassword[0m
ESP_ERROR_CHECK failed: esp_err_t 0xffffffff (ESP_FAIL) at 0x40087078
file: "/home/lab7/Desktop/Thoth/firmware/active_ap/main/../../_components/csi_component.h" line 96
func: void csi_init(char*)
expression: esp_wifi_set_csi(1)

abort() was called at PC 0x4008707b on core 0

Backtrace:0x40087fcf:0x3ffbc280 0x400887a1:0x3ffbc2a0 0x4008f596:0x3ffbc2c0 0x4008707b:0x3ffbc330 0x400d7658:0x3ffbc350 0x400d792f:0x3ffbc380 0x4016c871:0x3ffbc3a0 0x4008bc59:0x3ffbc3c0


ELF file SHA256: a71cb9f9d3f0193d

Rebooting...
ets Jul 29 2019 12:21:46

rst:0xc (SW_CPU_RESET),boot:0x13 (SPI_FAST_FLASH_BOOT)
configsip: 0, SPIWP:0xee
clk_drv:0x00,q_drv:0x00,d_drv:0x00,cs0_drv:0x00,hd_drv:0x00,wp_drv:0x00
mode:DIO, clock div:2
load:0x3fff0030,len:6952
load:0x40078000,len:14292
load:0x40080400,len:3688
entry 0x40080678
[0;32mI (27) boot: ESP-IDF v4.3 2nd stage bootloader[0m
[0;32mI (27) boot: compile time 09:25:41[0m
[0;32mI (27) boot: chip revision: 3[0m
[0;32mI (30) boot_comm: chip revision: 3, min. bootloader chip revision: 0[0m
[0;32mI (37) boot.esp32: SPI Speed      : 40MHz[0m
[0;32mI (42) boot.esp32: SPI Mode       : DIO[0m
[0;32mI (46) boot.esp32: SPI Flash Size : 2MB[0m
[0;32mI (51) boot: Enabling RNG early entropy source...[0m
[0;32mI (56) boot: Partition Table:[0m
[0;32mI (60) boot: ## Label            Usage          Type ST Offset   Length[0m
[0;32mI (67) boot:  0 nvs              WiFi data        01 02 00009000 00006000[0m
[0;32mI (74) boot:  1 phy_init         RF data          01 01 0000f000 00001000[0m
[0;32mI (82) boot:  2 factory          factory app      00 00 00010000 00100000[0m
[0;32mI (89) boot: End of partition table[0m
[0;32mI (93) boot_comm: chip revision: 3, min. application chip revision: 0[0m
[0;32mI (101) esp_image: segment 0: paddr=00010020 vaddr=3f400020 size=280bch (164028) map[0m
[0;32mI (171) esp_image: segment 1: paddr=000380e4 vaddr=3ffb0000 size=043f4h ( 17396) load[0m
[0;32mI (178) esp_image: segment 2: paddr=0003c4e0 vaddr=40080000 size=03b38h ( 15160) load[0m
[0;32mI (185) esp_image: segment 3: paddr=00040020 vaddr=400d0020 size=9cb54h (641876) map[0m
[0;32mI (427) esp_image: segment 4: paddr=000dcb7c vaddr=40083b38 size=11b80h ( 72576) load[0m
[0;32mI (459) esp_image: segment 5: paddr=000ee704 vaddr=50000000 size=00010h (    16) load[0m
[0;32mI (471) boot: Loaded app from partition at offset 0x10000[0m
[0;32mI (471) boot: Disabling RNG early entropy source...[0m
[0;32mI (482) cpu_start: Pro cpu up.[0m
[0;32mI (482) cpu_start: Starting app cpu, entry point is 0x40081304[0m
[0;32mI (469) cpu_start: App cpu up.[0m
[0;32mI (497) cpu_start: Pro cpu start user code[0m
[0;32mI (497) cpu_start: cpu freq: 160000000[0m
[0;32mI (497) cpu_start: Application information:[0m
[0;32mI (501) cpu_start: Project name:     active-ap[0m
[0;32mI (506) cpu_start: App version:      68e3b54-dirty[0m
[0;32mI (512) cpu_start: Compile time:     Apr 22 2025 09:25:39[0m
[0;32mI (518) cpu_start: ELF file SHA256:  a71cb9f9d3f0193d...[0m
[0;32mI (524) cpu_start: ESP-IDF:          v4.3[0m
[0;32mI (529) heap_init: Initializing. RAM available for dynamic allocation:[0m
[0;32mI (536) heap_init: At 3FFAE6E0 len 00001920 (6 KiB): DRAM[0m
[0;32mI (542) heap_init: At 3FFB96C0 len 00026940 (154 KiB): DRAM[0m
[0;32mI (548) heap_init: At 3FFE0440 len 00003AE0 (14 KiB): D/IRAM[0m
[0;32mI (554) heap_init: At 3FFE4350 len 0001BCB0 (111 KiB): D/IRAM[0m
[0;32mI (561) heap_init: At 400956B8 len 0000A948 (42 KiB): IRAM[0m
[0;32mI (568) spi_flash: detected chip: generic[0m
[0;32mI (572) spi_flash: flash io: dio[0m
[0;33mW (576) spi_flash: Detected size(4096k) larger than the size in the binary image header(2048k). Using the size in the binary image header.[0m
[0;32mI (593) cpu_start: Starting scheduler on PRO CPU.[0m
[0;32mI (0) cpu_start: Starting scheduler on APP CPU.[0m








-----------------------
ESP32 CSI Tool Settings
-----------------------
PROJECT_NAME: ACTIVE_AP
CONFIG_ESPTOOLPY_MONITOR_BAUD: 115200
CONFIG_ESP_CONSOLE_UART_BAUDRATE: 115200
IDF_VER: v4.3
-----------------------
WIFI_CHANNEL: 6
ESP_WIFI_SSID: myssid
ESP_WIFI_PASSWORD: mypassword
SHOULD_COLLECT_CSI: 1
SHOULD_COLLECT_ONLY_LLTF: 1
SEND_CSI_TO_SERIAL: 1
SEND_CSI_TO_SD: 0
-----------------------








I (763) wifi:wifi driver task: 3ffc32ac, prio:23, stack:6656, core=0
[0;32mI (763) system_api: Base MAC address is not set[0m
[0;32mI (763) system_api: read default base MAC address from EFUSE[0m
I (783) wifi:wifi firmware version: c7d0450
I (783) wifi:wifi certification version: v7.0
I (783) wifi:config NVS flash: enabled
I (783) wifi:config nano formating: disabled
I (783) wifi:Init data frame dynamic rx buffer num: 32
I (793) wifi:Init management frame dynamic rx buffer num: 32
I (793) wifi:Init management short buffer num: 32
I (803) wifi:Init dynamic tx buffer num: 32
I (803) wifi:Init static rx buffer size: 1600
I (813) wifi:Init static rx buffer num: 10
I (813) wifi:Init dynamic rx buffer num: 32
[0;32mI (813) wifi_init: rx ba win: 6[0m
[0;32mI (823) wifi_init: tcpip mbox: 32[0m
[0;32mI (823) wifi_init: udp mbox: 6[0m
[0;32mI (833) wifi_init: tcp mbox: 6[0m
[0;32mI (833) wifi_init: tcp tx win: 5744[0m
[0;32mI (833) wifi_init: tcp rx win: 5744[0m
[0;32mI (843) wifi_init: tcp mss: 1440[0m
[0;32mI (843) wifi_init: WiFi IRAM OP enabled[0m
[0;32mI (853) wifi_init: WiFi RX IRAM OP enabled[0m
[0;32mI (863) phy_init: phy_version 4670,719f9f6,Feb 18 2021,17:07:07[0m
I (963) wifi:mode : softAP (a0:a3:b3:aa:56:31)
I (973) wifi:Total power save buffer number: 16
I (973) wifi:Init max length of beacon: 752/752
I (973) wifi:Init max length of beacon: 752/752
I (973) wifi:Set ps type: 0

[0;32mI (973) Active CSI collection (AP): softap_init finished. SSID:myssid password:mypassword[0m
ESP_ERROR_CHECK failed: esp_err_t 0xffffffff (ESP_FAIL) at 0x40087078
file: "/home/lab7/Desktop/Thoth/firmware/active_ap/main/../../_components/csi_component.h" line 96
func: void csi_init(char*)
expression: esp_wifi_set_csi(1)

abort() was called at PC 0x4008707b on core 0

Backtrace:0x40087fcf:0x3ffbc280 0x400887a1:0x3ffbc2a0 0x4008f596:0x3ffbc2c0 0x4008707b:0x3ffbc330 0x400d7658:0x3ffbc350 0x400d792f:0x3ffbc380 0x4016c871:0x3ffbc3a0 0x4008bc59:0x3ffbc3c0


ELF file SHA256: a71cb9f9d3f0193d

Rebooting...
ets Jul 29 2019 12:21:46

rst:0xc (SW_CPU_RESET),boot:0x13 (SPI_FAST_FLASH_BOOT)
configsip: 0, SPIWP:0xee
clk_drv:0x00,q_drv:0x00,d_drv:0x00,cs0_drv:0x00,hd_drv:0x00,wp_drv:0x00
mode:DIO, clock div:2
load:0x3fff0030,len:6952
load:0x40078000,len:14292
load:0x40080400,len:3688
entry 0x40080678
[0;32mI (27) boot: ESP-IDF v4.3 2nd stage bootloader[0m
[0;32mI (27) boot: compile time 09:25:41[0m
[0;32mI (27) boot: chip revision: 3[0m
[0;32mI (30) boot_comm: chip revision: 3, min. bootloader chip revision: 0[0m
[0;32mI (37) boot.esp32: SPI Speed      : 40MHz[0m
[0;32mI (42) boot.esp32: SPI Mode       : DIO[0m
[0;32mI (46) boot.esp32: SPI Flash Size : 2MB[0m
[0;32mI (51) boot: Enabling RNG early entropy source...[0m
[0;32mI (56) boot: Partition Table:[0m
[0;32mI (60) boot: ## Label            Usage          Type ST Offset   Length[0m
[0;32mI (67) boot:  0 nvs              WiFi data        01 02 00009000 00006000[0m
[0;32mI (74) boot:  1 phy_init         RF data          01 01 0000f000 00001000[0m
[0;32mI (82) boot:  2 factory          factory app      00 00 00010000 00100000[0m
[0;32mI (89) boot: End of partition table[0m
[0;32mI (93) boot_comm: chip revision: 3, min. application chip revision: 0[0m
[0;32mI (101) esp_image: segment 0: paddr=00010020 vaddr=3f400020 size=280bch (164028) map[0m
[0;32mI (171) esp_image: segment 1: paddr=000380e4 vaddr=3ffb0000 size=043f4h ( 17396) load[0m
[0;32mI (178) esp_image: segment 2: paddr=0003c4e0 vaddr=40080000 size=03b38h ( 15160) load[0m
[0;32mI (185) esp_image: segment 3: paddr=00040020 vaddr=400d0020 size=9cb54h (641876) map[0m
[0;32mI (427) esp_image: segment 4: paddr=000dcb7c vaddr=40083b38 size=11b80h ( 72576) load[0m
[0;32mI (459) esp_image: segment 5: paddr=000ee704 vaddr=50000000 size=00010h (    16) load[0m
[0;32mI (471) boot: Loaded app from partition at offset 0x10000[0m
[0;32mI (471) boot: Disabling RNG early entropy source...[0m
[0;32mI (482) cpu_start: Pro cpu up.[0m
[0;32mI (482) cpu_start: Starting app cpu, entry point is 0x40081304[0m
[0;32mI (469) cpu_start: App cpu up.[0m
[0;32mI (497) cpu_start: Pro cpu start user code[0m
[0;32mI (497) cpu_start: cpu freq: 160000000[0m
[0;32mI (497) cpu_start: Application information:[0m
[0;32mI (501) cpu_start: Project name:     active-ap[0m
[0;32mI (506) cpu_start: App version:      68e3b54-dirty[0m
[0;32mI (512) cpu_start: Compile time:     Apr 22 2025 09:25:39[0m
[0;32mI (518) cpu_start: ELF file SHA256:  a71cb9f9d3f0193d...[0m
[0;32mI (524) cpu_start: ESP-IDF:          v4.3[0m
[0;32mI (529) heap_init: Initializing. RAM available for dynamic allocation:[0m
[0;32mI (536) heap_init: At 3FFAE6E0 len 00001920 (6 KiB): DRAM[0m
[0;32mI (542) heap_init: At 3FFB96C0 len 00026940 (154 KiB): DRAM[0m
[0;32mI (548) heap_init: At 3FFE0440 len 00003AE0 (14 KiB): D/IRAM[0m
[0;32mI (554) heap_init: At 3FFE4350 len 0001BCB0 (111 KiB): D/IRAM[0m
[0;32mI (561) heap_init: At 400956B8 len 0000A948 (42 KiB): IRAM[0m
[0;32mI (568) spi_flash: detected chip: generic[0m
[0;32mI (572) spi_flash: flash io: dio[0m
[0;33mW (576) spi_flash: Detected size(4096k) larger than the size in the binary image header(2048k). Using the size in the binary image header.[0m
[0;32mI (593) cpu_start: Starting scheduler on PRO CPU.[0m
[0;32mI (0) cpu_start: Starting scheduler on APP CPU.[0m








-----------------------
ESP32 CSI Tool Settings
-----------------------
PROJECT_NAME: ACTIVE_AP
CONFIG_ESPTOOLPY_MONITOR_BAUD: 115200
CONFIG_ESP_CONSOLE_UART_BAUDRATE: 115200
IDF_VER: v4.3
-----------------------
WIFI_CHANNEL: 6
ESP_WIFI_SSID: myssid
ESP_WIFI_PASSWORD: mypassword
SHOULD_COLLECT_CSI: 1
SHOULD_COLLECT_ONLY_LLTF: 1
SEND_CSI_TO_SERIAL: 1
SEND_CSI_TO_SD: 0
-----------------------








I (763) wifi:wifi driver task: 3ffc32ac, prio:23, stack:6656, core=0
[0;32mI (763) system_api: Base MAC address is not set[0m
[0;32mI (763) system_api: read default base MAC address from EFUSE[0m
I (783) wifi:wifi firmware version: c7d0450
I (783) wifi:wifi certification version: v7.0
I (783) wifi:config NVS flash: enabled
I (783) wifi:config nano formating: disabled
I (783) wifi:Init data frame dynamic rx buffer num: 32
I (793) wifi:Init management frame dynamic rx buffer num: 32
I (793) wifi:Init management short buffer num: 32
I (803) wifi:Init dynamic tx buffer num: 32
I (803) wifi:Init static rx buffer size: 1600
I (813) wifi:Init static rx buffer num: 10
I (813) wifi:Init dynamic rx buffer num: 32
[0;32mI (813) wifi_init: rx ba win: 6[0m
[0;32mI (823) wifi_init: tcpip mbox: 32[0m
[0;32mI (823) wifi_init: udp mbox: 6[0m
[0;32mI (833) wifi_init: tcp mbox: 6[0m
[0;32mI (833) wifi_init: tcp tx win: 5744[0m
[0;32mI (833) wifi_init: tcp rx win: 5744[0m
[0;32mI (843) wifi_init: tcp mss: 1440[0m
[0;32mI (843) wifi_init: WiFi IRAM OP enabled[0m
[0;32mI (853) wifi_init: WiFi RX IRAM OP enabled[0m
[0;32mI (863) phy_init: phy_version 4670,719f9f6,Feb 18 2021,17:07:07[0m
I (963) wifi:mode : softAP (a0:a3:b3:aa:56:31)
I (973) wifi:Total power save buffer number: 16
I (973) wifi:Init max length of beacon: 752/752
I (973) wifi:Init max length of beacon: 752/752
I (973) wifi:Set ps type: 0

[0;32mI (973) Active CSI collection (AP): softap_init finished. SSID:myssid password:mypassword[0m
ESP_ERROR_CHECK failed: esp_err_t 0xffffffff (ESP_FAIL) at 0x40087078
file: "/home/lab7/Desktop/Thoth/firmware/active_ap/main/../../_components/csi_component.h" line 96
func: void csi_init(char*)
expression: esp_wifi_set_csi(1)

abort() was called at PC 0x4008707b on core 0

Backtrace:0x40087fcf:0x3ffbc280 0x400887a1:0x3ffbc2a0 0x4008f596:0x3ffbc2c0 0x4008707b:0x3ffbc330 0x400d7658:0x3ffbc350 0x400d792f:0x3ffbc380 0x4016c871:0x3ffbc3a0 0x4008bc59:0x3ffbc3c0


ELF file SHA256: a71cb9f9d3f0193d

Rebooting...
ets Jul 29 2019 12:21:46

rst:0xc (SW_CPU_RESET),boot:0x13 (SPI_FAST_FLASH_BOOT)
configsip: 0, SPIWP:0xee
clk_drv:0x00,q_drv:0x00,d_drv:0x00,cs0_drv:0x00,hd_drv:0x00,wp_drv:0x00
mode:DIO, clock div:2
load:0x3fff0030,len:6952
load:0x40078000,len:14292
load:0x40080400,len:3688
entry 0x40080678
[0;32mI (27) boot: ESP-IDF v4.3 2nd stage bootloader[0m
[0;32mI (27) boot: compile time 09:25:41[0m
[0;32mI (27) boot: chip revision: 3[0m
[0;32mI (30) boot_comm: chip revision: 3, min. bootloader chip revision: 0[0m
[0;32mI (37) boot.esp32: SPI Speed      : 40MHz[0m
[0;32mI (42) boot.esp32: SPI Mode       : DIO[0m
[0;32mI (46) boot.esp32: SPI Flash Size : 2MB[0m
[0;32mI (51) boot: Enabling RNG early entropy source...[0m
[0;32mI (56) boot: Partition Table:[0m
[0;32mI (60) boot: ## Label            Usage          Type ST Offset   Length[0m
[0;32mI (67) boot:  0 nvs              WiFi data        01 02 00009000 00006000[0m
[0;32mI (74) boot:  1 phy_init         RF data          01 01 0000f000 00001000[0m
[0;32mI (82) boot:  2 factory          factory app      00 00 00010000 00100000[0m
[0;32mI (89) boot: End of partition table[0m
[0;32mI (93) boot_comm: chip revision: 3, min. application chip revision: 0[0m
[0;32mI (101) esp_image: segment 0: paddr=00010020 vaddr=3f400020 size=280bch (164028) map[0m
[0;32mI (171) esp_image: segment 1: paddr=000380e4 vaddr=3ffb0000 size=043f4h ( 17396) load[0m
[0;32mI (178) esp_image: segment 2: paddr=0003c4e0 vaddr=40080000 size=03b38h ( 15160) load[0m
[0;32mI (185) esp_image: segment 3: paddr=00040020 vaddr=400d0020 size=9cb54h (641876) map[0m
[0;32mI (427) esp_image: segment 4: paddr=000dcb7c vaddr=40083b38 size=11b80h ( 72576) load[0m
[0;32mI (459) esp_image: segment 5: paddr=000ee704 vaddr=50000000 size=00010h (    16) load[0m
[0;32mI (471) boot: Loaded app from partition at offset 0x10000[0m
[0;32mI (471) boot: Disabling RNG early entropy source...[0m
[0;32mI (482) cpu_start: Pro cpu up.[0m
[0;32mI (482) cpu_start: Starting app cpu, entry point is 0x40081304[0m
[0;32mI (469) cpu_start: App cpu up.[0m
[0;32mI (497) cpu_start: Pro cpu start user code[0m
[0;32mI (497) cpu_start: cpu freq: 160000000[0m
[0;32mI (497) cpu_start: Application information:[0m
[0;32mI (501) cpu_start: Project name:     active-ap[0m
[0;32mI (506) cpu_start: App version:      68e3b54-dirty[0m
[0;32mI (512) cpu_start: Compile time:     Apr 22 2025 09:25:39[0m
[0;32mI (518) cpu_start: ELF file SHA256:  a71cb9f9d3f0193d...[0m
[0;32mI (524) cpu_start: ESP-IDF:          v4.3[0m
[0;32mI (529) heap_init: Initializing. RAM available for dynamic allocation:[0m
[0;32mI (536) heap_init: At 3FFAE6E0 len 00001920 (6 KiB): DRAM[0m
[0;32mI (542) heap_init: At 3FFB96C0 len 00026940 (154 KiB): DRAM[0m
[0;32mI (548) heap_init: At 3FFE0440 len 00003AE0 (14 KiB): D/IRAM[0m
[0;32mI (554) heap_init: At 3FFE4350 len 0001BCB0 (111 KiB): D/IRAM[0m
[0;32mI (561) heap_init: At 400956B8 len 0000A948 (42 KiB): IRAM[0m
[0;32mI (568) spi_flash: detected chip: generic[0m
[0;32mI (572) spi_flash: flash io: dio[0m
[0;33mW (576) spi_flash: Detected size(4096k) larger than the size in the binary image header(2048k). Using the size in the binary image header.[0m
[0;32mI (593) cpu_start: Starting scheduler on PRO CPU.[0m
[0;32mI (0) cpu_start: Starting scheduler on APP CPU.[0m








-----------------------
ESP32 CSI Tool Settings
-----------------------
PROJECT_NAME: ACTIVE_AP
CONFIG_ESPTOOLPY_MONITOR_BAUD: 115200
CONFIG_ESP_CONSOLE_UART_BAUDRATE: 115200
IDF_VER: v4.3
-----------------------
WIFI_CHANNEL: 6
ESP_WIFI_SSID: myssid
ESP_WIFI_PASSWORD: mypassword
SHOULD_COLLECT_CSI: 1
SHOULD_COLLECT_ONLY_LLTF: 1
SEND_CSI_TO_SERIAL: 1
SEND_CSI_TO_SD: 0
-----------------------








I (763) wifi:wifi driver task: 3ffc32ac, prio:23, stack:6656, core=0
[0;32mI (763) system_api: Base MAC address is not set[0m
[0;32mI (763) system_api: read default base MAC address from EFUSE[0m
I (783) wifi:wifi firmware version: c7d0450
I (783) wifi:wifi certification version: v7.0
I (783) wifi:config NVS flash: enabled
I (783) wifi:config nano formating: disabled
I (783) wifi:Init data frame dynamic rx buffer num: 32
I (793) wifi:Init management frame dynamic rx buffer num: 32
I (793) wifi:Init management short buffer num: 32
I (803) wifi:Init dynamic tx buffer num: 32
I (803) wifi:Init static rx buffer size: 1600
I (813) wifi:Init static rx buffer num: 10
I (813) wifi:Init dynamic rx buffer num: 32
[0;32mI (813) wifi_init: rx ba win: 6[0m
[0;32mI (823) wifi_init: tcpip mbox: 32[0m
[0;32mI (823) wifi_init: udp mbox: 6[0m
[0;32mI (833) wifi_init: tcp mbox: 6[0m
[0;32mI (833) wifi_init: tcp tx win: 5744[0m
[0;32mI (833) wifi_init: tcp rx win: 5744[0m
[0;32mI (843) wifi_init: tcp mss: 1440[0m
[0;32mI (843) wifi_init: WiFi IRAM OP enabled[0m
[0;32mI (853) wifi_init: WiFi RX IRAM OP enabled[0m
[0;32mI (863) phy_init: phy_version 4670,719f9f6,Feb 18 2021,17:07:07[0m
I (973) wifi:mode : softAP (a0:a3:b3:aa:56:31)
I (973) wifi:Total power save buffer number: 16
I (973) wifi:Init max length of beacon: 752/752
I (973) wifi:Init max length of beacon: 752/752
I (973) wifi:Set ps type: 0

[0;32mI (983) Active CSI collection (AP): softap_init finished. SSID:myssid password:mypassword[0m
ESP_ERROR_CHECK failed: esp_err_t 0xffffffff (ESP_FAIL) at 0x40087078
file: "/home/lab7/DeskI (993) wifi:new:<6,1>, old:<6,1>, ap:<6,1>, sta:<255,255>, prof:6
I (1003) wifi:station: a0:a3:b3:80:1d:8c join, AID=1, bgn, 40U
top/Thoth/firmware/active_ap/main/../../_components/csi_component.h" line 96
func: void csi_init(char*)
expression: esp_wifi_set_csi(1)

abort() was called at PC 0x4008707b on core 0

Backtrace:0x40087fcf:0x3ffbc280 0x400887a1:0x3ffbc2a0 0x4008f596:0x3ffbc2c0 0x4008707b:0x3ffbc330 0x400d7658:0x3ffbc350 0x400d792f:0x3ffbc380 0x4016c871:0x3ffbc3a0 0x4008bc59:0x3ffbc3c0


ELF file SHA256: a71cb9f9d3f0193d

Rebooting...
ets Jul 29 2019 12:21:46

rst:0xc (SW_CPU_RESET),boot:0x13 (SPI_FAST_FLASH_BOOT)
configsip: 0, SPIWP:0xee
clk_drv:0x00,q_drv:0x00,d_drv:0x00,cs0_drv:0x00,hd_drv:0x00,wp_drv:0x00
mode:DIO, clock div:2
load:0x3fff0030,len:6952
load:0x40078000,len:14292
load:0x40080400,len:3688
entry 0x40080678
[0;32mI (27) boot: ESP-IDF v4.3 2nd stage bootloader[0m
[0;32mI (27) boot: compile time 09:25:41[0m
[0;32mI (27) boot: chip revision: 3[0m
[0;32mI (30) boot_comm: chip revision: 3, min. bootloader chip revision: 0[0m
[0;32mI (37) boot.esp32: SPI Speed      : 40MHz[0m
[0;32mI (42) boot.esp32: SPI Mode       : DIO[0m
[0;32mI (46) boot.esp32: SPI Flash Size : 2MB[0m
[0;32mI (51) boot: Enabling RNG early entropy source...[0m
[0;32mI (56) boot: Partition Table:[0m
[0;32mI (60) boot: ## Label            Usage          Type ST Offset   Length[0m
[0;32mI (67) boot:  0 nvs              WiFi data        01 02 00009000 00006000[0m
[0;32mI (74) boot:  1 phy_init         RF data          01 01 0000f000 00001000[0m
[0;32mI (82) boot:  2 factory          factory app      00 00 00010000 00100000[0m
[0;32mI (89) boot: End of partition table[0m
[0;32mI (93) boot_comm: chip revision: 3, min. application chip revision: 0[0m
[0;32mI (101) esp_image: segment 0: paddr=00010020 vaddr=3f400020 size=280bch (164028) map[0m
[0;32mI (171) esp_image: segment 1: paddr=000380e4 vaddr=3ffb0000 size=043f4h ( 17396) load[0m
[0;32mI (178) esp_image: segment 2: paddr=0003c4e0 vaddr=40080000 size=03b38h ( 15160) load[0m
[0;32mI (185) esp_image: segment 3: paddr=00040020 vaddr=400d0020 size=9cb54h (641876) map[0m
[0;32mI (427) esp_image: segment 4: paddr=000dcb7c vaddr=40083b38 size=11b80h ( 72576) load[0m
[0;32mI (459) esp_image: segment 5: paddr=000ee704 vaddr=50000000 size=00010h (    16) load[0m
[0;32mI (471) boot: Loaded app from partition at offset 0x10000[0m
[0;32mI (471) boot: Disabling RNG early entropy source...[0m
[0;32mI (482) cpu_start: Pro cpu up.[0m
[0;32mI (482) cpu_start: Starting app cpu, entry point is 0x40081304[0m
[0;32mI (469) cpu_start: App cpu up.[0m
[0;32mI (497) cpu_start: Pro cpu start user code[0m
[0;32mI (497) cpu_start: cpu freq: 160000000[0m
[0;32mI (497) cpu_start: Application information:[0m
[0;32mI (501) cpu_start: Project name:     active-ap[0m
[0;32mI (506) cpu_start: App version:      68e3b54-dirty[0m
[0;32mI (512) cpu_start: Compile time:     Apr 22 2025 09:25:39[0m
[0;32mI (518) cpu_start: ELF file SHA256:  a71cb9f9d3f0193d...[0m
[0;32mI (524) cpu_start: ESP-IDF:          v4.3[0m
[0;32mI (529) heap_init: Initializing. RAM available for dynamic allocation:[0m
[0;32mI (536) heap_init: At 3FFAE6E0 len 00001920 (6 KiB): DRAM[0m
[0;32mI (542) heap_init: At 3FFB96C0 len 00026940 (154 KiB): DRAM[0m
[0;32mI (548) heap_init: At 3FFE0440 len 00003AE0 (14 KiB): D/IRAM[0m
[0;32mI (554) heap_init: At 3FFE4350 len 0001BCB0 (111 KiB): D/IRAM[0m
[0;32mI (561) heap_init: At 400956B8 len 0000A948 (42 KiB): IRAM[0m
[0;32mI (568) spi_flash: detected chip: generic[0m
[0;32mI (572) spi_flash: flash io: dio[0m
[0;33mW (576) spi_flash: Detected size(4096k) larger than the size in the binary image header(2048k). Using the size in the binary image header.[0m
[0;32mI (593) cpu_start: Starting scheduler on PRO CPU.[0m
[0;32mI (0) cpu_start: Starting scheduler on APP CPU.[0m








-----------------------
ESP32 CSI Tool Settings
-----------------------
PROJECT_NAME: ACTIVE_AP
CONFIG_ESPTOOLPY_MONITOR_BAUD: 115200
CONFIG_ESP_CONSOLE_UART_BAUDRATE: 115200
IDF_VER: v4.3
-----------------------
WIFI_CHANNEL: 6
ESP_WIFI_SSID: myssid
ESP_WIFI_PASSWORD: mypassword
SHOULD_COLLECT_CSI: 1
SHOULD_COLLECT_ONLY_LLTF: 1
SEND_CSI_TO_SERIAL: 1
SEND_CSI_TO_SD: 0
-----------------------








I (763) wifi:wifi driver task: 3ffc32ac, prio:23, stack:6656, core=0
[0;32mI (763) system_api: Base MAC address is not set[0m
[0;32mI (763) system_api: read default base MAC address from EFUSE[0m
I (783) wifi:wifi firmware version: c7d0450
I (783) wifi:wifi certification version: v7.0
I (783) wifi:config NVS flash: enabled
I (783) wifi:config nano formating: disabled
I (783) wifi:Init data frame dynamic rx buffer num: 32
I (793) wifi:Init management frame dynamic rx buffer num: 32
I (793) wifi:Init management short buffer num: 32
I (803) wifi:Init dynamic tx buffer num: 32
I (803) wifi:Init static rx buffer size: 1600
I (813) wifi:Init static rx buffer num: 10
I (813) wifi:Init dynamic rx buffer num: 32
[0;32mI (813) wifi_init: rx ba win: 6[0m
[0;32mI (823) wifi_init: tcpip mbox: 32[0m
[0;32mI (823) wifi_init: udp mbox: 6[0m
[0;32mI (833) wifi_init: tcp mbox: 6[0m
[0;32mI (833) wifi_init: tcp tx win: 5744[0m
[0;32mI (833) wifi_init: tcp rx win: 5744[0m
[0;32mI (843) wifi_init: tcp mss: 1440[0m
[0;32mI (843) wifi_init: WiFi IRAM OP enabled[0m
[0;32mI (853) wifi_init: WiFi RX IRAM OP enabled[0m
[0;32mI (863) phy_init: phy_version 4670,719f9f6,Feb 18 2021,17:07:07[0m
I (963) wifi:mode : softAP (a0:a3:b3:aa:56:31)
I (973) wifi:Total power save buffer number: 16
I (973) wifi:Init max length of beacon: 752/752
I (973) wifi:Init max length of beacon: 752/752
I (973) wifi:Set ps type: 0

[0;32mI (973) Active CSI collection (AP): softap_init finished. SSID:myssid password:mypassword[0m
ESP_ERROR_CHECK failed: esp_err_t 0xffffffff (ESP_FAIL) at 0x40087078
file: "/home/lab7/Desktop/Thoth/firmware/active_ap/main/../../_components/csi_component.h" line 96
func: void csi_init(char*)
expression: esp_wifi_set_csi(1)

abort() was called at PC 0x4008707b on core 0

Backtrace:0x40087fcf:0x3ffbc280 0x400887a1:0x3ffbc2a0 0x4008f596:0x3ffbc2c0 0x4008707b:0x3ffbc330 0x400d7658:0x3ffbc350 0x400d792f:0x3ffbc380 0x4016c871:0x3ffbc3a0 0x4008bc59:0x3ffbc3c0


ELF file SHA256: a71cb9f9d3f0193d

Rebooting...
ets Jul 29 2019 12:21:46

rst:0xc (SW_CPU_RESET),boot:0x13 (SPI_FAST_FLASH_BOOT)
configsip: 0, SPIWP:0xee
clk_drv:0x00,q_drv:0x00,d_drv:0x00,cs0_drv:0x00,hd_drv:0x00,wp_drv:0x00
mode:DIO, clock div:2
load:0x3fff0030,len:6952
load:0x40078000,len:14292
load:0x40080400,len:3688
entry 0x40080678
[0;32mI (27) boot: ESP-IDF v4.3 2nd stage bootloader[0m
[0;32mI (27) boot: compile time 09:25:41[0m
[0;32mI (27) boot: chip revision: 3[0m
[0;32mI (30) boot_comm: chip revision: 3, min. bootloader chip revision: 0[0m
[0;32mI (37) boot.esp32: SPI Speed      : 40MHz[0m
[0;32mI (42) boot.esp32: SPI Mode       : DIO[0m
[0;32mI (46) boot.esp32: SPI Flash Size : 2MB[0m
[0;32mI (51) boot: Enabling RNG early entropy source...[0m
[0;32mI (56) boot: Partition Table:[0m
[0;32mI (60) boot: ## Label            Usage          Type ST Offset   Length[0m
[0;32mI (67) boot:  0 nvs              WiFi data        01 02 00009000 00006000[0m
[0;32mI (74) boot:  1 phy_init         RF data          01 01 0000f000 00001000[0m
[0;32mI (82) boot:  2 factory          factory app      00 00 00010000 00100000[0m
[0;32mI (89) boot: End of partition table[0m
[0;32mI (93) boot_comm: chip revision: 3, min. application chip revision: 0[0m
[0;32mI (101) esp_image: segment 0: paddr=00010020 vaddr=3f400020 size=280bch (164028) map[0m
[0;32mI (171) esp_image: segment 1: paddr=000380e4 vaddr=3ffb0000 size=043f4h ( 17396) load[0m
[0;32mI (178) esp_image: segment 2: paddr=0003c4e0 vaddr=40080000 size=03b38h ( 15160) load[0m
[0;32mI (185) esp_image: segment 3: paddr=00040020 vaddr=400d0020 size=9cb54h (641876) map[0m
[0;32mI (427) esp_image: segment 4: paddr=000dcb7c vaddr=40083b38 size=11b80h ( 72576) load[0m
[0;32mI (459) esp_image: segment 5: paddr=000ee704 vaddr=50000000 size=00010h (    16) load[0m
[0;32mI (471) boot: Loaded app from partition at offset 0x10000[0m
[0;32mI (471) boot: Disabling RNG early entropy source...[0m
[0;32mI (482) cpu_start: Pro cpu up.[0m
[0;32mI (482) cpu_start: Starting app cpu, entry point is 0x40081304[0m
[0;32mI (469) cpu_start: App cpu up.[0m
[0;32mI (497) cpu_start: Pro cpu start user code[0m
[0;32mI (497) cpu_start: cpu freq: 160000000[0m
[0;32mI (497) cpu_start: Application information:[0m
[0;32mI (501) cpu_start: Project name:     active-ap[0m
[0;32mI (506) cpu_start: App version:      68e3b54-dirty[0m
[0;32mI (512) cpu_start: Compile time:     Apr 22 2025 09:25:39[0m
[0;32mI (518) cpu_start: ELF file SHA256:  a71cb9f9d3f0193d...[0m
[0;32mI (524) cpu_start: ESP-IDF:          v4.3[0m
[0;32mI (529) heap_init: Initializing. RAM available for dynamic allocation:[0m
[0;32mI (536) heap_init: At 3FFAE6E0 len 00001920 (6 KiB): DRAM[0m
[0;32mI (542) heap_init: At 3FFB96C0 len 00026940 (154 KiB): DRAM[0m
[0;32mI (548) heap_init: At 3FFE0440 len 00003AE0 (14 KiB): D/IRAM[0m
[0;32mI (554) heap_init: At 3FFE4350 len 0001BCB0 (111 KiB): D/IRAM[0m
[0;32mI (561) heap_init: At 400956B8 len 0000A948 (42 KiB): IRAM[0m
[0;32mI (568) spi_flash: detected chip: generic[0m
[0;32mI (572) spi_flash: flash io: dio[0m
[0;33mW (576) spi_flash: Detected size(4096k) larger than the size in the binary image header(2048k). Using the size in the binary image header.[0m
[0;32mI (593) cpu_start: Starting scheduler on PRO CPU.[0m
[0;32mI (0) cpu_start: Starting scheduler on APP CPU.[0m








-----------------------
ESP32 CSI Tool Settings
-----------------------
PROJECT_NAME: ACTIVE_AP
CONFIG_ESPTOOLPY_MONITOR_BAUD: 115200
CONFIG_ESP_CONSOLE_UART_BAUDRATE: 115200
IDF_VER: v4.3
-----------------------
WIFI_CHANNEL: 6
ESP_WIFI_SSID: myssid
ESP_WIFI_PASSWORD: mypassword
SHOULD_COLLECT_CSI: 1
SHOULD_COLLECT_ONLY_LLTF: 1
SEND_CSI_TO_SERIAL: 1
SEND_CSI_TO_SD: 0
-----------------------








I (763) wifi:wifi driver task: 3ffc32ac, prio:23, stack:6656, core=0
[0;32mI (763) system_api: Base MAC address is not set[0m
[0;32mI (763) system_api: read default base MAC address from EFUSE[0m
I (783) wifi:wifi firmware version: c7d0450
I (783) wifi:wifi certification version: v7.0
I (783) wifi:config NVS flash: enabled
I (783) wifi:config nano formating: disabled
I (783) wifi:Init data frame dynamic rx buffer num: 32
I (793) wifi:Init management frame dynamic rx buffer num: 32
I (793) wifi:Init management short buffer num: 32
I (803) wifi:Init dynamic tx buffer num: 32
I (803) wifi:Init static rx buffer size: 1600
I (813) wifi:Init static rx buffer num: 10
I (813) wifi:Init dynamic rx buffer num: 32
[0;32mI (813) wifi_init: rx ba win: 6[0m
[0;32mI (823) wifi_init: tcpip mbox: 32[0m
[0;32mI (823) wifi_init: udp mbox: 6[0m
[0;32mI (833) wifi_init: tcp mbox: 6[0m
[0;32mI (833) wifi_init: tcp tx win: 5744[0m
[0;32mI (833) wifi_init: tcp rx win: 5744[0m
[0;32mI (843) wifi_init: tcp mss: 1440[0m
[0;32mI (843) wifi_init: WiFi IRAM OP enabled[0m
[0;32mI (853) wifi_init: WiFi RX IRAM OP enabled[0m
[0;32mI (863) phy_init: phy_version 4670,719f9f6,Feb 18 2021,17:07:07[0m
I (963) wifi:mode : softAP (a0:a3:b3:aa:56:31)
I (973) wifi:Total power save buffer number: 16
I (973) wifi:Init max length of beacon: 752/752
I (973) wifi:Init max length of beacon: 752/752
I (973) wifi:Set ps type: 0

[0;32mI (973) Active CSI collection (AP): softap_init finished. SSID:myssid password:mypassword[0m
ESP_ERROR_CHECK failed: esp_err_t 0xffffffff (ESP_FAIL) at 0x40087078
file: "/home/lab7/Desktop/Thoth/firmware/active_ap/main/../../_components/csi_component.h" line 96
func: void csi_init(char*)
expression: esp_wifi_set_csi(1)

abort() was called at PC 0x4008707b on core 0

Backtrace:0x40087fcf:0x3ffbc280 0x400887a1:0x3ffbc2a0 0x4008f596:0x3ffbc2c0 0x4008707b:0x3ffbc330 0x400d7658:0x3ffbc350 0x400d792f:0x3ffbc380 0x4016c871:0x3ffbc3a0 0x4008bc59:0x3ffbc3c0


ELF file SHA256: a71cb9f9d3f0193d

Rebooting...
ets Jul 29 2019 12:21:46

rst:0xc (SW_CPU_RESET),boot:0x13 (SPI_FAST_FLASH_BOOT)
configsip: 0, SPIWP:0xee
clk_drv:0x00,q_drv:0x00,d_drv:0x00,cs0_drv:0x00,hd_drv:0x00,wp_drv:0x00
mode:DIO, clock div:2
load:0x3fff0030,len:6952
load:0x40078000,len:14292
load:0x40080400,len:3688
entry 0x40080678
[0;32mI (27) boot: ESP-IDF v4.3 2nd stage bootloader[0m
[0;32mI (27) boot: compile time 09:25:41[0m
[0;32mI (27) boot: chip revision: 3[0m
[0;32mI (30) boot_comm: chip revision: 3, min. bootloader chip revision: 0[0m
[0;32mI (37) boot.esp32: SPI Speed      : 40MHz[0m
[0;32mI (42) boot.esp32: SPI Mode       : DIO[0m
[0;32mI (46) boot.esp32: SPI Flash Size : 2MB[0m
[0;32mI (51) boot: Enabling RNG early entropy source...[0m
[0;32mI (56) boot: Partition Table:[0m
[0;32mI (60) boot: ## Label            Usage          Type ST Offset   Length[0m
[0;32mI (67) boot:  0 nvs              WiFi data        01 02 00009000 00006000[0m
[0;32mI (74) boot:  1 phy_init         RF data          01 01 0000f000 00001000[0m
[0;32mI (82) boot:  2 factory          factory app      00 00 00010000 00100000[0m
[0;32mI (89) boot: End of partition table[0m
[0;32mI (93) boot_comm: chip revision: 3, min. application chip revision: 0[0m
[0;32mI (101) esp_image: segment 0: paddr=00010020 vaddr=3f400020 size=280bch (164028) map[0m
[0;32mI (171) esp_image: segment 1: paddr=000380e4 vaddr=3ffb0000 size=043f4h ( 17396) load[0m
[0;32mI (178) esp_image: segment 2: paddr=0003c4e0 vaddr=40080000 size=03b38h ( 15160) load[0m
[0;32mI (185) esp_image: segment 3: paddr=00040020 vaddr=400d0020 size=9cb54h (641876) map[0m
[0;32mI (427) esp_image: segment 4: paddr=000dcb7c vaddr=40083b38 size=11b80h ( 72576) load[0m
[0;32mI (459) esp_image: segment 5: paddr=000ee704 vaddr=50000000 size=00010h (    16) load[0m
[0;32mI (471) boot: Loaded app from partition at offset 0x10000[0m
[0;32mI (471) boot: Disabling RNG early entropy source...[0m
[0;32mI (482) cpu_start: Pro cpu up.[0m
[0;32mI (482) cpu_start: Starting app cpu, entry point is 0x40081304[0m
[0;32mI (469) cpu_start: App cpu up.[0m
[0;32mI (497) cpu_start: Pro cpu start user code[0m
[0;32mI (497) cpu_start: cpu freq: 160000000[0m
[0;32mI (497) cpu_start: Application information:[0m
[0;32mI (501) cpu_start: Project name:     active-ap[0m
[0;32mI (506) cpu_start: App version:      68e3b54-dirty[0m
[0;32mI (512) cpu_start: Compile time:     Apr 22 2025 09:25:39[0m
[0;32mI (518) cpu_start: ELF file SHA256:  a71cb9f9d3f0193d...[0m
[0;32mI (524) cpu_start: ESP-IDF:          v4.3[0m
[0;32mI (529) heap_init: Initializing. RAM available for dynamic allocation:[0m
[0;32mI (536) heap_init: At 3FFAE6E0 len 00001920 (6 KiB): DRAM[0m
[0;32mI (542) heap_init: At 3FFB96C0 len 00026940 (154 KiB): DRAM[0m
[0;32mI (548) heap_init: At 3FFE0440 len 00003AE0 (14 KiB): D/IRAM[0m
[0;32mI (554) heap_init: At 3FFE4350 len 0001BCB0 (111 KiB): D/IRAM[0m
[0;32mI (561) heap_init: At 400956B8 len 0000A948 (42 KiB): IRAM[0m
[0;32mI (568) spi_flash: detected chip: generic[0m
[0;32mI (572) spi_flash: flash io: dio[0m
[0;33mW (576) spi_flash: Detected size(4096k) larger than the size in the binary image header(2048k). Using the size in the binary image header.[0m
[0;32mI (593) cpu_start: Starting scheduler on PRO CPU.[0m
[0;32mI (0) cpu_start: Starting scheduler on APP CPU.[0m








-----------------------
ESP32 CSI Tool Settings
-----------------------
PROJECT_NAME: ACTIVE_AP
CONFIG_ESPTOOLPY_MONITOR_BAUD: 115200
CONFIG_ESP_CONSOLE_UART_BAUDRATE: 115200
IDF_VER: v4.3
-----------------------
WIFI_CHANNEL: 6
ESP_WIFI_SSID: myssid
ESP_WIFI_PASSWORD: mypassword
SHOULD_COLLECT_CSI: 1
SHOULD_COLLECT_ONLY_LLTF: 1
SEND_CSI_TO_SERIAL: 1
SEND_CSI_TO_SD: 0
-----------------------








I (763) wifi:wifi driver task: 3ffc32ac, prio:23, stack:6656, core=0
[0;32mI (763) system_api: Base MAC address is not set[0m
[0;32mI (763) system_api: read default base MAC address from EFUSE[0m
I (783) wifi:wifi firmware version: c7d0450
I (783) wifi:wifi certification version: v7.0
I (783) wifi:config NVS flash: enabled
I (783) wifi:config nano formating: disabled
I (783) wifi:Init data frame dynamic rx buffer num: 32
I (793) wifi:Init management frame dynamic rx buffer num: 32
I (793) wifi:Init management short buffer num: 32
I (803) wifi:Init dynamic tx buffer num: 32
I (803) wifi:Init static rx buffer size: 1600
I (813) wifi:Init static rx buffer num: 10
I (813) wifi:Init dynamic rx buffer num: 32
[0;32mI (813) wifi_init: rx ba win: 6[0m
[0;32mI (823) wifi_init: tcpip mbox: 32[0m
[0;32mI (823) wifi_init: udp mbox: 6[0m
[0;32mI (833) wifi_init: tcp mbox: 6[0m
[0;32mI (833) wifi_init: tcp tx win: 5744[0m
[0;32mI (833) wifi_init: tcp rx win: 5744[0m
[0;32mI (843) wifi_init: tcp mss: 1440[0m
[0;32mI (843) wifi_init: WiFi IRAM OP enabled[0m
[0;32mI (853) wifi_init: WiFi RX IRAM OP enabled[0m
[0;32mI (863) phy_init: phy_version 4670,719f9f6,Feb 18 2021,17:07:07[0m
I (963) wifi:mode : softAP (a0:a3:b3:aa:56:31)
I (973) wifi:Total power save buffer number: 16
I (973) wifi:Init max length of beacon: 752/752
I (973) wifi:Init max length of beacon: 752/752
I (973) wifi:Set ps type: 0

[0;32mI (973) Active CSI collection (AP): softap_init finished. SSID:myssid password:mypassword[0m
ESP_ERROR_CHECK failed: esp_err_t 0xffffffff (ESP_FAIL) at 0x40087078
file: "/home/lab7/Desktop/Thoth/firmware/active_ap/main/../../_components/csi_component.h" line 96
func: void csi_init(char*)
expression: esp_wifi_set_csi(1)

abort() was called at PC 0x4008707b on core 0

Backtrace:0x40087fcf:0x3ffbc280 0x400887a1:0x3ffbc2a0 0x4008f596:0x3ffbc2c0 0x4008707b:0x3ffbc330 0x400d7658:0x3ffbc350 0x400d792f:0x3ffbc380 0x4016c871:0x3ffbc3a0 0x4008bc59:0x3ffbc3c0


ELF file SHA256: a71cb9f9d3f0193d

Rebooting...
ets Jul 29 2019 12:21:46

rst:0xc (SW_CPU_RESET),boot:0x13 (SPI_FAST_FLASH_BOOT)
configsip: 0, SPIWP:0xee
clk_drv:0x00,q_drv:0x00,d_drv:0x00,cs0_drv:0x00,hd_drv:0x00,wp_drv:0x00
mode:DIO, clock div:2
load:0x3fff0030,len:6952
load:0x40078000,len:14292
load:0x40080400,len:3688
entry 0x40080678
[0;32mI (27) boot: ESP-IDF v4.3 2nd stage bootloader[0m
[0;32mI (27) boot: compile time 09:25:41[0m
[0;32mI (27) boot: chip revision: 3[0m
[0;32mI (30) boot_comm: chip revision: 3, min. bootloader chip revision: 0[0m
[0;32mI (37) boot.esp32: SPI Speed      : 40MHz[0m
[0;32mI (42) boot.esp32: SPI Mode       : DIO[0m
[0;32mI (46) boot.esp32: SPI Flash Size : 2MB[0m
[0;32mI (51) boot: Enabling RNG early entropy source...[0m
[0;32mI (56) boot: Partition Table:[0m
[0;32mI (60) boot: ## Label            Usage          Type ST Offset   Length[0m
[0;32mI (67) boot:  0 nvs              WiFi data        01 02 00009000 00006000[0m
[0;32mI (74) boot:  1 phy_init         RF data          01 01 0000f000 00001000[0m
[0;32mI (82) boot:  2 factory          factory app      00 00 00010000 00100000[0m
[0;32mI (89) boot: End of partition table[0m
[0;32mI (93) boot_comm: chip revision: 3, min. application chip revision: 0[0m
[0;32mI (101) esp_image: segment 0: paddr=00010020 vaddr=3f400020 size=280bch (164028) map[0m
[0;32mI (171) esp_image: segment 1: paddr=000380e4 vaddr=3ffb0000 size=043f4h ( 17396) load[0m
[0;32mI (178) esp_image: segment 2: paddr=0003c4e0 vaddr=40080000 size=03b38h ( 15160) load[0m
[0;32mI (185) esp_image: segment 3: paddr=00040020 vaddr=400d0020 size=9cb54h (641876) map[0m
[0;32mI (427) esp_image: segment 4: paddr=000dcb7c vaddr=40083b38 size=11b80h ( 72576) load[0m
[0;32mI (459) esp_image: segment 5: paddr=000ee704 vaddr=50000000 size=00010h (    16) load[0m
[0;32mI (471) boot: Loaded app from partition at offset 0x10000[0m
[0;32mI (471) boot: Disabling RNG early entropy source...[0m
[0;32mI (482) cpu_start: Pro cpu up.[0m
[0;32mI (482) cpu_start: Starting app cpu, entry point is 0x40081304[0m
[0;32mI (469) cpu_start: App cpu up.[0m
[0;32mI (497) cpu_start: Pro cpu start user code[0m
[0;32mI (497) cpu_start: cpu freq: 160000000[0m
[0;32mI (497) cpu_start: Application information:[0m
[0;32mI (501) cpu_start: Project name:     active-ap[0m
[0;32mI (506) cpu_start: App version:      68e3b54-dirty[0m
[0;32mI (512) cpu_start: Compile time:     Apr 22 2025 09:25:39[0m
[0;32mI (518) cpu_start: ELF file SHA256:  a71cb9f9d3f0193d...[0m
[0;32mI (524) cpu_start: ESP-IDF:          v4.3[0m
[0;32mI (529) heap_init: Initializing. RAM available for dynamic allocation:[0m
[0;32mI (536) heap_init: At 3FFAE6E0 len 00001920 (6 KiB): DRAM[0m
[0;32mI (542) heap_init: At 3FFB96C0 len 00026940 (154 KiB): DRAM[0m
[0;32mI (548) heap_init: At 3FFE0440 len 00003AE0 (14 KiB): D/IRAM[0m
[0;32mI (554) heap_init: At 3FFE4350 len 0001BCB0 (111 KiB): D/IRAM[0m
[0;32mI (561) heap_init: At 400956B8 len 0000A948 (42 KiB): IRAM[0m
[0;32mI (568) spi_flash: detected chip: generic[0m
[0;32mI (572) spi_flash: flash io: dio[0m
[0;33mW (576) spi_flash: Detected size(4096k) larger than the size in the binary image header(2048k). Using the size in the binary image header.[0m
[0;32mI (593) cpu_start: Starting scheduler on PRO CPU.[0m
[0;32mI (0) cpu_start: Starting scheduler on APP CPU.[0m








-----------------------
ESP32 CSI Tool Settings
-----------------------
PROJECT_NAME: ACTIVE_AP
CONFIG_ESPTOOLPY_MONITOR_BAUD: 115200
CONFIG_ESP_CONSOLE_UART_BAUDRATE: 115200
IDF_VER: v4.3
-----------------------
WIFI_CHANNEL: 6
ESP_WIFI_SSID: myssid
ESP_WIFI_PASSWORD: mypassword
SHOULD_COLLECT_CSI: 1
SHOULD_COLLECT_ONLY_LLTF: 1
SEND_CSI_TO_SERIAL: 1
SEND_CSI_TO_SD: 0
-----------------------








I (763) wifi:wifi driver task: 3ffc32ac, prio:23, stack:6656, core=0
[0;32mI (763) system_api: Base MAC address is not set[0m
[0;32mI (763) system_api: read default base MAC address from EFUSE[0m
I (783) wifi:wifi firmware version: c7d0450
I (783) wifi:wifi certification version: v7.0
I (783) wifi:config NVS flash: enabled
I (783) wifi:config nano formating: disabled
I (783) wifi:Init data frame dynamic rx buffer num: 32
I (793) wifi:Init management frame dynamic rx buffer num: 32
I (793) wifi:Init management short buffer num: 32
I (803) wifi:Init dynamic tx buffer num: 32
I (803) wifi:Init static rx buffer size: 1600
I (813) wifi:Init static rx buffer num: 10
I (813) wifi:Init dynamic rx buffer num: 32
[0;32mI (813) wifi_init: rx ba win: 6[0m
[0;32mI (823) wifi_init: tcpip mbox: 32[0m
[0;32mI (823) wifi_init: udp mbox: 6[0m
[0;32mI (833) wifi_init: tcp mbox: 6[0m
[0;32mI (833) wifi_init: tcp tx win: 5744[0m
[0;32mI (833) wifi_init: tcp rx win: 5744[0m
[0;32mI (843) wifi_init: tcp mss: 1440[0m
[0;32mI (843) wifi_init: WiFi IRAM OP enabled[0m
[0;32mI (853) wifi_init: WiFi RX IRAM OP enabled[0m
[0;32mI (863) phy_init: phy_version 4670,719f9f6,Feb 18 2021,17:07:07[0m
I (963) wifi:mode : softAP (a0:a3:b3:aa:56:31)
I (973) wifi:Total power save buffer number: 16
I (973) wifi:Init max length of beacon: 752/752
I (973) wifi:Init max length of beacon: 752/752
I (973) wifi:Set ps type: 0

[0;32mI (973) Active CSI collection (AP): softap_init finished. SSID:myssid password:mypassword[0m
ESP_ERROR_CHECK failed: esp_err_t 0xffffffff (ESP_FAIL) at 0x40087078
file: "/home/lab7/Desktop/Thoth/firmware/active_ap/main/../../_components/csi_component.h" line 96
func: void csi_init(char*)
expression: esp_wifi_set_csi(1)

abort() was called at PC 0x4008707b on core 0

Backtrace:0x40087fcf:0x3ffbc280 0x400887a1:0x3ffbc2a0 0x4008f596:0x3ffbc2c0 0x4008707b:0x3ffbc330 0x400d7658:0x3ffbc350 0x400d792f:0x3ffbc380 0x4016c871:0x3ffbc3a0 0x4008bc59:0x3ffbc3c0


ELF file SHA256: a71cb9f9d3f0193d

Rebooting...
ets Jul 29 2019 12:21:46

rst:0xc (SW_CPU_RESET),boot:0x13 (SPI_FAST_FLASH_BOOT)
configsip: 0, SPIWP:0xee
clk_drv:0x00,q_drv:0x00,d_drv:0x00,cs0_drv:0x00,hd_drv:0x00,wp_drv:0x00
mode:DIO, clock div:2
load:0x3fff0030,len:6952
load:0x40078000,len:14292
load:0x40080400,len:3688
entry 0x40080678
[0;32mI (27) boot: ESP-IDF v4.3 2nd stage bootloader[0m
[0;32mI (27) boot: compile time 09:25:41[0m
[0;32mI (27) boot: chip revision: 3[0m
[0;32mI (30) boot_comm: chip revision: 3, min. bootloader chip revision: 0[0m
[0;32mI (37) boot.esp32: SPI Speed      : 40MHz[0m
[0;32mI (42) boot.esp32: SPI Mode       : DIO[0m
[0;32mI (46) boot.esp32: SPI Flash Size : 2MB[0m
[0;32mI (51) boot: Enabling RNG early entropy source...[0m
[0;32mI (56) boot: Partition Table:[0m
[0;32mI (60) boot: ## Label            Usage          Type ST Offset   Length[0m
[0;32mI (67) boot:  0 nvs              WiFi data        01 02 00009000 00006000[0m
[0;32mI (74) boot:  1 phy_init         RF data          01 01 0000f000 00001000[0m
[0;32mI (82) boot:  2 factory          factory app      00 00 00010000 00100000[0m
[0;32mI (89) boot: End of partition table[0m
[0;32mI (93) boot_comm: chip revision: 3, min. application chip revision: 0[0m
[0;32mI (101) esp_image: segment 0: paddr=00010020 vaddr=3f400020 size=280bch (164028) map[0m
[0;32mI (171) esp_image: segment 1: paddr=000380e4 vaddr=3ffb0000 size=043f4h ( 17396) load[0m
[0;32mI (178) esp_image: segment 2: paddr=0003c4e0 vaddr=40080000 size=03b38h ( 15160) load[0m
[0;32mI (185) esp_image: segment 3: paddr=00040020 vaddr=400d0020 size=9cb54h (641876) map[0m
[0;32mI (427) esp_image: segment 4: paddr=000dcb7c vaddr=40083b38 size=11b80h ( 72576) load[0m
[0;32mI (459) esp_image: segment 5: paddr=000ee704 vaddr=50000000 size=00010h (    16) load[0m
[0;32mI (471) boot: Loaded app from partition at offset 0x10000[0m
[0;32mI (471) boot: Disabling RNG early entropy source...[0m
[0;32mI (482) cpu_start: Pro cpu up.[0m
[0;32mI (482) cpu_start: Starting app cpu, entry point is 0x40081304[0m
[0;32mI (469) cpu_start: App cpu up.[0m
[0;32mI (497) cpu_start: Pro cpu start user code[0m
[0;32mI (497) cpu_start: cpu freq: 160000000[0m
[0;32mI (497) cpu_start: Application information:[0m
[0;32mI (501) cpu_start: Project name:     active-ap[0m
[0;32mI (506) cpu_start: App version:      68e3b54-dirty[0m
[0;32mI (512) cpu_start: Compile time:     Apr 22 2025 09:25:39[0m
[0;32mI (518) cpu_start: ELF file SHA256:  a71cb9f9d3f0193d...[0m
[0;32mI (524) cpu_start: ESP-IDF:          v4.3[0m
[0;32mI (529) heap_init: Initializing. RAM available for dynamic allocation:[0m
[0;32mI (536) heap_init: At 3FFAE6E0 len 00001920 (6 KiB): DRAM[0m
[0;32mI (542) heap_init: At 3FFB96C0 len 00026940 (154 KiB): DRAM[0m
[0;32mI (548) heap_init: At 3FFE0440 len 00003AE0 (14 KiB): D/IRAM[0m
[0;32mI (554) heap_init: At 3FFE4350 len 0001BCB0 (111 KiB): D/IRAM[0m
[0;32mI (561) heap_init: At 400956B8 len 0000A948 (42 KiB): IRAM[0m
[0;32mI (568) spi_flash: detected chip: generic[0m
[0;32mI (572) spi_flash: flash io: dio[0m
[0;33mW (576) spi_flash: Detected size(4096k) larger than the size in the binary image header(2048k). Using the size in the binary image header.[0m
[0;32mI (593) cpu_start: Starting scheduler on PRO CPU.[0m
[0;32mI (0) cpu_start: Starting scheduler on APP CPU.[0m








-----------------------
ESP32 CSI Tool Settings
-----------------------
PROJECT_NAME: ACTIVE_AP
CONFIG_ESPTOOLPY_MONITOR_BAUD: 115200
CONFIG_ESP_CONSOLE_UART_BAUDRATE: 115200
IDF_VER: v4.3
-----------------------
WIFI_CHANNEL: 6
ESP_WIFI_SSID: myssid
ESP_WIFI_PASSWORD: mypassword
SHOULD_COLLECT_CSI: 1
SHOULD_COLLECT_ONLY_LLTF: 1
SEND_CSI_TO_SERIAL: 1
SEND_CSI_TO_SD: 0
-----------------------








I (763) wifi:wifi driver task: 3ffc32ac, prio:23, stack:6656, core=0
[0;32mI (763) system_api: Base MAC address is not set[0m
[0;32mI (763) system_api: read default base MAC address from EFUSE[0m
I (783) wifi:wifi firmware version: c7d0450
I (783) wifi:wifi certification version: v7.0
I (783) wifi:config NVS flash: enabled
I (783) wifi:config nano formating: disabled
I (783) wifi:Init data frame dynamic rx buffer num: 32
I (793) wifi:Init management frame dynamic rx buffer num: 32
I (793) wifi:Init management short buffer num: 32
I (803) wifi:Init dynamic tx buffer num: 32
I (803) wifi:Init static rx buffer size: 1600
I (813) wifi:Init static rx buffer num: 10
I (813) wifi:Init dynamic rx buffer num: 32
[0;32mI (813) wifi_init: rx ba win: 6[0m
[0;32mI (823) wifi_init: tcpip mbox: 32[0m
[0;32mI (823) wifi_init: udp mbox: 6[0m
[0;32mI (833) wifi_init: tcp mbox: 6[0m
[0;32mI (833) wifi_init: tcp tx win: 5744[0m
[0;32mI (833) wifi_init: tcp rx win: 5744[0m
[0;32mI (843) wifi_init: tcp mss: 1440[0m
[0;32mI (843) wifi_init: WiFi IRAM OP enabled[0m
[0;32mI (853) wifi_init: WiFi RX IRAM OP enabled[0m
[0;32mI (863) phy_init: phy_version 4670,719f9f6,Feb 18 2021,17:07:07[0m
I (963) wifi:mode : softAP (a0:a3:b3:aa:56:31)
I (973) wifi:Total power save buffer number: 16
I (973) wifi:Init max length of beacon: 752/752
I (973) wifi:Init max length of beacon: 752/752
I (973) wifi:Set ps type: 0

[0;32mI (973) Active CSI collection (AP): softap_init finished. SSID:myssid password:mypassword[0m
ESP_ERROR_CHECK failed: esp_err_t 0xffffffff (ESP_FAIL) at 0x40087078
file: "/home/lab7/Desktop/Thoth/firmware/active_ap/main/../../_components/csi_component.h" line 96
func: void csi_init(char*)
expression: esp_wifi_set_csi(1)

abort() was called at PC 0x4008707b on core 0

Backtrace:0x40087fcf:0x3ffbc280 0x400887a1:0x3ffbc2a0 0x4008f596:0x3ffbc2c0 0x4008707b:0x3ffbc330 0x400d7658:0x3ffbc350 0x400d792f:0x3ffbc380 0x4016c871:0x3ffbc3a0 0x4008bc59:0x3ffbc3c0


ELF file SHA256: a71cb9f9d3f0193d

Rebooting...
ets Jul 29 2019 12:21:46

rst:0xc (SW_CPU_RESET),boot:0x13 (SPI_FAST_FLASH_BOOT)
configsip: 0, SPIWP:0xee
clk_drv:0x00,q_drv:0x00,d_drv:0x00,cs0_drv:0x00,hd_drv:0x00,wp_drv:0x00
mode:DIO, clock div:2
load:0x3fff0030,len:6952
load:0x40078000,len:14292
load:0x40080400,len:3688
entry 0x40080678
[0;32mI (27) boot: ESP-IDF v4.3 2nd stage bootloader[0m
[0;32mI (27) boot: compile time 09:25:41[0m
[0;32mI (27) boot: chip revision: 3[0m
[0;32mI (30) boot_comm: chip revision: 3, min. bootloader chip revision: 0[0m
[0;32mI (37) boot.esp32: SPI Speed      : 40MHz[0m
[0;32mI (42) boot.esp32: SPI Mode       : DIO[0m
[0;32mI (46) boot.esp32: SPI Flash Size : 2MB[0m
[0;32mI (51) boot: Enabling RNG early entropy source...[0m
[0;32mI (56) boot: Partition Table:[0m
[0;32mI (60) boot: ## Label            Usage          Type ST Offset   Length[0m
[0;32mI (67) boot:  0 nvs              WiFi data        01 02 00009000 00006000[0m
[0;32mI (74) boot:  1 phy_init         RF data          01 01 0000f000 00001000[0m
[0;32mI (82) boot:  2 factory          factory app      00 00 00010000 00100000[0m
[0;32mI (89) boot: End of partition table[0m
[0;32mI (93) boot_comm: chip revision: 3, min. application chip revision: 0[0m
[0;32mI (101) esp_image: segment 0: paddr=00010020 vaddr=3f400020 size=280bch (164028) map[0m
[0;32mI (171) esp_image: segment 1: paddr=000380e4 vaddr=3ffb0000 size=043f4h ( 17396) load[0m
[0;32mI (178) esp_image: segment 2: paddr=0003c4e0 vaddr=40080000 size=03b38h ( 15160) load[0m
[0;32mI (185) esp_image: segment 3: paddr=00040020 vaddr=400d0020 size=9cb54h (641876) map[0m
[0;32mI (427) esp_image: segment 4: paddr=000dcb7c vaddr=40083b38 size=11b80h ( 72576) load[0m
[0;32mI (459) esp_image: segment 5: paddr=000ee704 vaddr=50000000 size=00010h (    16) load[0m
[0;32mI (471) boot: Loaded app from partition at offset 0x10000[0m
[0;32mI (471) boot: Disabling RNG early entropy source...[0m
[0;32mI (482) cpu_start: Pro cpu up.[0m
[0;32mI (482) cpu_start: Starting app cpu, entry point is 0x40081304[0m
[0;32mI (469) cpu_start: App cpu up.[0m
[0;32mI (497) cpu_start: Pro cpu start user code[0m
[0;32mI (497) cpu_start: cpu freq: 160000000[0m
[0;32mI (497) cpu_start: Application information:[0m
[0;32mI (501) cpu_start: Project name:     active-ap[0m
[0;32mI (506) cpu_start: App version:      68e3b54-dirty[0m
[0;32mI (512) cpu_start: Compile time:     Apr 22 2025 09:25:39[0m
[0;32mI (518) cpu_start: ELF file SHA256:  a71cb9f9d3f0193d...[0m
[0;32mI (524) cpu_start: ESP-IDF:          v4.3[0m
[0;32mI (529) heap_init: Initializing. RAM available for dynamic allocation:[0m
[0;32mI (536) heap_init: At 3FFAE6E0 len 00001920 (6 KiB): DRAM[0m
[0;32mI (542) heap_init: At 3FFB96C0 len 00026940 (154 KiB): DRAM[0m
[0;32mI (548) heap_init: At 3FFE0440 len 00003AE0 (14 KiB): D/IRAM[0m
[0;32mI (554) heap_init: At 3FFE4350 len 0001BCB0 (111 KiB): D/IRAM[0m
[0;32mI (561) heap_init: At 400956B8 len 0000A948 (42 KiB): IRAM[0m
[0;32mI (568) spi_flash: detected chip: generic[0m
[0;32mI (572) spi_flash: flash io: dio[0m
[0;33mW (576) spi_flash: Detected size(4096k) larger than the size in the binary image header(2048k). Using the size in the binary image header.[0m
[0;32mI (593) cpu_start: Starting scheduler on PRO CPU.[0m
[0;32mI (0) cpu_start: Starting scheduler on APP CPU.[0m








-----------------------
ESP32 CSI Tool Settings
-----------------------
PROJECT_NAME: ACTIVE_AP
CONFIG_ESPTOOLPY_MONITOR_BAUD: 115200
CONFIG_ESP_CONSOLE_UART_BAUDRATE: 115200
IDF_VER: v4.3
-----------------------
WIFI_CHANNEL: 6
ESP_WIFI_SSID: myssid
ESP_WIFI_PASSWORD: mypassword
SHOULD_COLLECT_CSI: 1
SHOULD_COLLECT_ONLY_LLTF: 1
SEND_CSI_TO_SERIAL: 1
SEND_CSI_TO_SD: 0
-----------------------








I (763) wifi:wifi driver task: 3ffc32ac, prio:23, stack:6656, core=0
[0;32mI (763) system_api: Base MAC address is not set[0m
[0;32mI (763) system_api: read default base MAC address from EFUSE[0m
I (783) wifi:wifi firmware version: c7d0450
I (783) wifi:wifi certification version: v7.0
I (783) wifi:config NVS flash: enabled
I (783) wifi:config nano formating: disabled
I (783) wifi:Init data frame dynamic rx buffer num: 32
I (793) wifi:Init management frame dynamic rx buffer num: 32
